
 RUN  v2.1.9 /home/andefy/dev/covedao/apps/web

 ❯ src/lib/wallets/xverse-capabilities.test.ts (14 tests | 3 failed) 21ms
   × Xverse connects through wallet_connect to grant network-read permission and retain purpose 3ms
     → bc1qqyqszqgpqyqszqgpqyqszqgpqyqszqgpyfl4f3 is not a signet address — check which network your wallet is on
   × network-read access denial is not reported as cancellation and prevents psbt prompt 4ms
     → expected WalletError: Xverse request was cancelled { code: '…' } to match object { code: 'FAILED' }
(1 matching property omitted from actual)
   × network-read access denial is not reported as cancellation and prevents message prompt 1ms
     → expected WalletError: Xverse request was cancelled { code: '…' } to match object { code: 'FAILED' }
(1 matching property omitted from actual)

⎯⎯⎯⎯⎯⎯⎯ Failed Tests 3 ⎯⎯⎯⎯⎯⎯⎯

 FAIL  src/lib/wallets/xverse-capabilities.test.ts > Xverse connects through wallet_connect to grant network-read permission and retain purpose
WalletError: bc1qqyqszqgpqyqszqgpqyqszqgpqyqszqgpyfl4f3 is not a signet address — check which network your wallet is on
 ❯ scriptOf src/lib/wallets/resolve.ts:52:11
     50|     return bitcoin.address.toOutputScript(address, bitcoinNetwork(netw…
     51|   } catch {
     52|     throw new WalletError(
       |           ^
     53|       "WRONG_NETWORK",
     54|       `${address} is not a ${network} address — check which network yo…
 ❯ toAccount src/lib/wallets/resolve.ts:78:13
 ❯ Module.splitAddresses src/lib/wallets/resolve.ts:87:20
 ❯ Object.connect src/lib/wallets/adapters.ts:138:38
 ❯ src/lib/wallets/xverse-capabilities.test.ts:140:18

⎯⎯⎯⎯⎯⎯⎯⎯⎯⎯⎯⎯⎯⎯⎯⎯⎯⎯⎯⎯⎯⎯⎯⎯[1/3]⎯

 FAIL  src/lib/wallets/xverse-capabilities.test.ts > network-read access denial is not reported as cancellation and prevents psbt prompt
 FAIL  src/lib/wallets/xverse-capabilities.test.ts > network-read access denial is not reported as cancellation and prevents message prompt
AssertionError: expected WalletError: Xverse request was cancelled { code: '…' } to match object { code: 'FAILED' }
(1 matching property omitted from actual)

- Expected
+ Received

- Object {
-   "code": "FAILED",
+ WalletError {
+   "code": "REJECTED",
  }

 ❯ src/lib/wallets/xverse-capabilities.test.ts:152:5


⎯⎯⎯⎯⎯⎯⎯⎯⎯⎯⎯⎯⎯⎯⎯⎯⎯⎯⎯⎯⎯⎯⎯⎯[2/3]⎯

 Test Files  1 failed (1)
      Tests  3 failed | 11 passed (14)
   Start at  03:11:44
   Duration  729ms (transform 301ms, setup 0ms, collect 424ms, tests 21ms, environment 0ms, prepare 80ms)

undefined
/home/andefy/dev/covedao/apps/web:
 ERR_PNPM_RECURSIVE_EXEC_FIRST_FAIL  Command failed with exit code 1: vitest run src/lib/wallets/xverse-capabilities.test.ts
