 Container covedao-signet-guardian-1 Running
 Container covedao-signet-postgres-1 Running
 Container covedao-signet-migrate-1 Recreate
 Container covedao-signet-migrate-1 Recreated
 Container covedao-signet-bootstrap-1 Recreate
 Container covedao-signet-bootstrap-1 Recreated
 Container covedao-signet-worker-1 Recreate
 Container covedao-signet-worker-1 Recreated
 Container covedao-signet-web-1 Recreate
 Container covedao-signet-web-1 Recreated
 Container covedao-signet-postgres-1 Waiting
 Container covedao-signet-postgres-1 Healthy
 Container covedao-signet-migrate-1 Starting
 Container covedao-signet-migrate-1 Started
 Container covedao-signet-migrate-1 Waiting
 Container covedao-signet-migrate-1 Exited
 Container covedao-signet-bootstrap-1 Starting
 Container covedao-signet-bootstrap-1 Started
 Container covedao-signet-bootstrap-1 Waiting
 Container covedao-signet-bootstrap-1 Waiting
 Container covedao-signet-bootstrap-1 Exited
 Container covedao-signet-bootstrap-1 Exited
 Container covedao-signet-worker-1 Starting
 Container covedao-signet-worker-1 Started
 Container covedao-signet-guardian-1 Waiting
 Container covedao-signet-guardian-1 Healthy
 Container covedao-signet-web-1 Starting
 Container covedao-signet-web-1 Started
 Container covedao-signet-web-1 Waiting
 Container covedao-signet-postgres-1 Waiting
 Container covedao-signet-migrate-1 Waiting
 Container covedao-signet-bootstrap-1 Waiting
 Container covedao-signet-worker-1 Waiting
 Container covedao-signet-guardian-1 Waiting
 Container covedao-signet-migrate-1 Exited
 Container covedao-signet-postgres-1 Healthy
 Container covedao-signet-bootstrap-1 Exited
 Container covedao-signet-guardian-1 Healthy
 Container covedao-signet-worker-1 Healthy
 Container covedao-signet-web-1 Healthy
