
 RUN  v2.1.9 /home/andefy/dev/covedao/apps/web

 ❯ src/lib/crc-replacement-boundary.test.ts (1 test | 1 failed) 5ms
   × the application has one CRC implementation and no legacy route selection 4ms
     → crc20-base: expected true to be false // Object.is equality

⎯⎯⎯⎯⎯⎯⎯ Failed Tests 1 ⎯⎯⎯⎯⎯⎯⎯

 FAIL  src/lib/crc-replacement-boundary.test.ts > the application has one CRC implementation and no legacy route selection
AssertionError: crc20-base: expected true to be false // Object.is equality

- Expected
+ Received

- false
+ true

 ❯ src/lib/crc-replacement-boundary.test.ts:7:92
      5| test("the application has one CRC implementation and no legacy route s…
      6|   for (const packageName of ["crc20-base", "crc20-curve", "crc20-ledge…
      7|     expect(existsSync(new URL(`packages/${packageName}/package.json`, …
       |                                                                                            ^
      8|   expect(existsSync(new URL("apps/web/src/app/api/v3", root))).toBe(fa…
      9|   expect(existsSync(new URL("apps/web/src/components/legacy-pages", ro…

⎯⎯⎯⎯⎯⎯⎯⎯⎯⎯⎯⎯⎯⎯⎯⎯⎯⎯⎯⎯⎯⎯⎯⎯[1/1]⎯

 Test Files  1 failed (1)
      Tests  1 failed (1)
   Start at  00:41:11
   Duration  307ms (transform 23ms, setup 0ms, collect 14ms, tests 5ms, environment 0ms, prepare 67ms)

undefined
/home/andefy/dev/covedao/apps/web:
 ERR_PNPM_RECURSIVE_EXEC_FIRST_FAIL  Command failed with exit code 1: vitest run src/lib/crc-replacement-boundary.test.ts
