#0 building with "default" instance using docker driver

#1 [internal] load build definition from Dockerfile.prod
#1 transferring dockerfile: 1.09kB done
#1 DONE 0.0s

#2 [internal] load metadata for docker.io/library/rust:1.94-bookworm
#2 DONE 0.9s

#3 [internal] load metadata for docker.io/library/node:24-bookworm-slim
#3 DONE 0.9s

#4 [internal] load .dockerignore
#4 transferring context: 159B done
#4 DONE 0.0s

#5 [app-builder  1/11] FROM docker.io/library/node:24-bookworm-slim@sha256:0e0ff40c39bc087845bfb27465a0df4ea419520094bc35842ff83dd8cbe6f9b6
#5 DONE 0.0s

#6 [rust-builder 1/4] FROM docker.io/library/rust:1.94-bookworm@sha256:6ae102bdbf528294bc79ad6e1fae682f6f7c2a6e6621506ba959f9685b308a55
#6 DONE 0.0s

#7 [internal] load build context
#7 transferring context: 171.22kB 0.0s done
#7 DONE 0.0s

#8 [app-builder  2/11] WORKDIR /app
#8 CACHED

#9 [app-builder  3/11] RUN npm install --global pnpm@10.33.0
#9 CACHED

#10 [app-builder  4/11] COPY package.json pnpm-workspace.yaml pnpm-lock.yaml tsconfig.base.json ./
#10 CACHED

#11 [rust-builder 3/4] COPY packages/cove-simplicity/rust packages/cove-simplicity/rust
#11 CACHED

#12 [rust-builder 2/4] WORKDIR /build
#12 CACHED

#13 [rust-builder 4/4] RUN cargo build --release --locked --manifest-path packages/cove-simplicity/rust/Cargo.toml
#13 CACHED

#14 [app-builder  5/11] COPY apps ./apps
#14 DONE 0.0s

#15 [app-builder  6/11] COPY packages ./packages
#15 DONE 0.0s

#16 [app-builder  7/11] RUN pnpm install --frozen-lockfile
#16 0.389 Scope: all 27 workspace projects
#16 0.437 Lockfile is up to date, resolution step is skipped
#16 0.494 Progress: resolved 1, reused 0, downloaded 0, added 0
#16 0.583 Packages: +1492
#16 0.583 ++++++++++++++++++++++++++++++++++++++++++++++++++++++++++++++++++++++++++++++++
#16 0.819
#16 0.819    ╭─────────────────────────────────────────╮
#16 0.819    │                                         │
#16 0.819    │   Update available! 10.33.0 → 12.8.1.   │
#16 0.819    │   Changelog: https://pnpm.io/v/12.8.1   │
#16 0.819    │    To update, run: pnpm add -g pnpm     │
#16 0.819    │                                         │
#16 0.819    ╰─────────────────────────────────────────╯
#16 0.819
#16 1.495 Progress: resolved 1492, reused 0, downloaded 635, added 637
#16 2.494 Progress: resolved 1492, reused 0, downloaded 1322, added 1324
#16 3.494 Progress: resolved 1492, reused 0, downloaded 1482, added 1484
#16 4.495 Progress: resolved 1492, reused 0, downloaded 1488, added 1490
#16 5.056 Progress: resolved 1492, reused 0, downloaded 1490, added 1492, done
#16 5.478
#16 5.478 devDependencies:
#16 5.478 + @eslint/js 9.39.5
#16 5.478 + @types/node 22.20.4
#16 5.478 + eslint 9.39.5
#16 5.478 + eslint-config-prettier 9.1.2
#16 5.478 + prettier 3.9.8
#16 5.478 + turbo 2.11.2
#16 5.478 + typescript 5.9.3
#16 5.478 + typescript-eslint 8.70.1
#16 5.478
#16 5.534 ╭ Warning ─────────────────────────────────────────────────────────────────────╮
#16 5.534 │                                                                              │
#16 5.534 │   Ignored build scripts: core-js@3.50.0, esbuild@0.18.20, esbuild@0.19.12,   │
#16 5.534 │   esbuild@0.21.5, esbuild@0.28.2, msgpackr-extract@3.0.4, secp256k1@3.8.1.   │
#16 5.534 │   Run "pnpm approve-builds" to pick which dependencies should be allowed     │
#16 5.534 │   to run scripts.                                                            │
#16 5.534 │                                                                              │
#16 5.534 ╰──────────────────────────────────────────────────────────────────────────────╯
#16 5.554 Done in 5.3s using pnpm v10.33.0
#16 DONE 6.1s

#17 [app-builder  8/11] RUN pnpm --filter @crclaunch/crc20-protocol build
#17 0.296
#17 0.296 > @crclaunch/crc20-protocol@0.1.0 build /app/packages/cove-market/crc20-protocol
#17 0.296 > tsc -p tsconfig.build.json && node build-browser.mjs
#17 0.296
#17 DONE 1.0s

#18 [app-builder  9/11] RUN pnpm --filter @crclaunch/crc20-adapters build
#18 0.584
#18 0.584 > @crclaunch/crc20-adapters@0.1.0 build /app/packages/crc20-adapters
#18 0.584 > tsc -p tsconfig.build.json && node build-browser.mjs
#18 0.584
#18 DONE 1.2s

#19 [app-builder 10/11] COPY --from=rust-builder /build/packages/cove-simplicity/rust/target/release/cove-simplicity /app/packages/cove-simplicity/rust/target/release/cove-simplicity
#19 DONE 0.0s

#20 [app-builder 11/11] RUN COVE_NETWORK="regtest" SENTRY_DSN="" SENTRY_ENVIRONMENT="dev" pnpm --filter @crclaunch/web build
#20 0.348
#20 0.348 > @crclaunch/web@0.1.0 build /app/apps/web
#20 0.348 > pnpm --filter @crclaunch/docs build:web && next build
#20 0.348
#20 0.525
#20 0.525 > @crclaunch/docs@0.1.0 build:web /app/apps/docs
#20 0.525 > DOCS_HASH_ROUTER=1 DOCS_BASE_URL=/ DOCS_LOCALE=en docusaurus build --out-dir ../web/public/docs && DOCS_HASH_ROUTER=1 DOCS_BASE_URL=/ DOCS_LOCALE=zh-Hans docusaurus build --locale zh-Hans --out-dir ../web/public/docs/zh-Hans
#20 0.525
#20 1.009 [INFO] [en] Creating an optimized production build...
#20 1.069 [WARNING] docusaurus-plugin-sitemap does not support the Hash Router and will be disabled.
#20 1.371 [webpackbar] ℹ Compiling Client
#20 6.063 [webpackbar] ✔ Client: Compiled successfully in 4.70s
#20 7.028 [SUCCESS] Generated static files in "../web/public/docs".
#20 7.028 [INFO] Use `npm run serve` command to test your build locally.
#20 7.702 [INFO] [zh-Hans] Creating an optimized production build...
#20 7.878 [WARNING] docusaurus-plugin-sitemap does not support the Hash Router and will be disabled.
#20 8.130 [webpackbar] ℹ Compiling Client
#20 12.94 [webpackbar] ✔ Client: Compiled successfully in 4.82s
#20 13.92 [SUCCESS] Generated static files in "../web/public/docs/zh-Hans".
#20 13.92 [INFO] Use `npm run serve` command to test your build locally.
#20 14.46 Attention: Next.js now collects completely anonymous telemetry regarding usage.
#20 14.46 This information is used to shape Next.js' roadmap and prioritize features.
#20 14.46 You can learn more, including how to opt-out if you'd not like to participate in this anonymous program, by visiting the following URL:
#20 14.46 https://nextjs.org/telemetry
#20 14.46
#20 14.52    ▲ Next.js 15.5.26
#20 14.52    - Experiments (use with caution):
#20 14.52      · clientTraceMetadata
#20 14.52
#20 14.54    Creating an optimized production build ...
#20 31.72  ✓ Compiled successfully in 16.9s
#20 31.73    Skipping linting
#20 31.73    Checking validity of types ...
#20 36.83    Collecting page data ...
#20 40.70    Generating static pages (0/11) ...
#20 41.51    Generating static pages (2/11)
#20 41.51    Generating static pages (5/11)
#20 41.51    Generating static pages (8/11)
#20 41.52  ✓ Generating static pages (11/11)
#20 42.08    Finalizing page optimization ...
#20 42.08    Collecting build traces ...
#20 48.22
#20 48.22 Route (app)                                   Size  First Load JS
#20 48.22 ┌ ƒ /                                        181 B         1.4 MB
#20 48.22 ├ ƒ /_not-found                               1 kB         176 kB
#20 48.22 ├ ƒ /activity                              1.25 kB         1.4 MB
#20 48.22 ├ ƒ /api/crc/v1/activity                     192 B         175 kB
#20 48.22 ├ ƒ /api/crc/v1/backing/buy/build            192 B         175 kB
#20 48.22 ├ ƒ /api/crc/v1/backing/buy/quote            192 B         175 kB
#20 48.22 ├ ƒ /api/crc/v1/backing/buy/submit           192 B         175 kB
#20 48.22 ├ ƒ /api/crc/v1/backing/sell/build           192 B         175 kB
#20 48.22 ├ ƒ /api/crc/v1/backing/sell/quote           192 B         175 kB
#20 48.22 ├ ƒ /api/crc/v1/backing/sell/submit          192 B         175 kB
#20 48.22 ├ ƒ /api/crc/v1/fees                         192 B         175 kB
#20 48.22 ├ ƒ /api/crc/v1/launch/build                 192 B         175 kB
#20 48.22 ├ ƒ /api/crc/v1/launch/submit                192 B         175 kB
#20 48.22 ├ ƒ /api/crc/v1/market/[operation]           192 B         175 kB
#20 48.22 ├ ƒ /api/crc/v1/market/status                192 B         175 kB
#20 48.22 ├ ƒ /api/crc/v1/tokens                       192 B         175 kB
#20 48.22 ├ ƒ /api/crc/v1/tokens/[assetId]             192 B         175 kB
#20 48.22 ├ ƒ /api/crc/v1/tokens/[assetId]/activity    192 B         175 kB
#20 48.22 ├ ƒ /api/crc/v1/tokens/[assetId]/candles     192 B         175 kB
#20 48.22 ├ ƒ /api/crc/v1/tokens/[assetId]/market      192 B         175 kB
#20 48.22 ├ ƒ /api/crc/v1/tokens/[assetId]/utxos       192 B         175 kB
#20 48.22 ├ ƒ /api/crc/v1/trading/status               192 B         175 kB
#20 48.22 ├ ƒ /api/crc/v1/wallet/[address]/balances    192 B         175 kB
#20 48.22 ├ ƒ /api/crc/v1/wallet/utxos                 192 B         175 kB
#20 48.22 ├ ƒ /api/dev/wallet                          192 B         175 kB
#20 48.22 ├ ○ /apple-icon.png                            0 B            0 B
#20 48.22 ├ ƒ /explore                               1.81 kB         1.4 MB
#20 48.22 ├ ○ /icon.png                                  0 B            0 B
#20 48.22 ├ ƒ /launch                                 2.9 kB        2.84 MB
#20 48.22 ├ ƒ /market                                2.37 kB        2.85 MB
#20 48.22 ├ ƒ /token/[tokenId]                          8 kB        2.86 MB
#20 48.22 └ ƒ /wallet                                4.66 kB        2.85 MB
#20 48.22 + First Load JS shared by all               175 kB
#20 48.22   ├ chunks/2079-d5adc15fc8ef121b.js         117 kB
#20 48.22   ├ chunks/298fdf74-aa6ccb9e05c98900.js    54.2 kB
#20 48.22   └ other shared chunks (total)            3.22 kB
#20 48.22
#20 48.22
#20 48.22 ○  (Static)   prerendered as static content
#20 48.22 ƒ  (Dynamic)  server-rendered on demand
#20 48.22
#20 DONE 48.4s

#21 [runtime 1/1] WORKDIR /app
#21 DONE 0.0s

#22 exporting to image
#22 exporting layers
#22 exporting layers 12.2s done
#22 writing image sha256:7f9ff152faa20c1ed7a2fe1cb3cafef5a0c7867ba1ab3575da55ea130fdf0465 done
#22 naming to docker.io/library/covedao-crc-cleanup-regtest:ag3-11 done
#22 DONE 12.2s
