
 RUN  v2.1.9 /home/andefy/dev/covedao/apps/web

 ❯ src/lib/crc-replacement-boundary.test.ts (4 tests | 1 failed) 6ms
   × obsolete executable web probes are retired 4ms
     → scripts/mempool-chain-proof.mjs: expected true to be false // Object.is equality

⎯⎯⎯⎯⎯⎯⎯ Failed Tests 1 ⎯⎯⎯⎯⎯⎯⎯

 FAIL  src/lib/crc-replacement-boundary.test.ts > obsolete executable web probes are retired
AssertionError: scripts/mempool-chain-proof.mjs: expected true to be false // Object.is equality

- Expected
+ Received

- false
+ true

 ❯ src/lib/crc-replacement-boundary.test.ts:35:51
     33| test("obsolete executable web probes are retired", () => {
     34|   for (const path of ["scripts/mempool-chain-proof.mjs", "scripts/test…
     35|     expect(existsSync(new URL(path, root)), path).toBe(false);
       |                                                   ^
     36|   const scripts = JSON.parse(readFileSync(new URL("package.json", root…
     37|   expect(scripts["cove:mempool-chain-proof"]).toBeUndefined();

⎯⎯⎯⎯⎯⎯⎯⎯⎯⎯⎯⎯⎯⎯⎯⎯⎯⎯⎯⎯⎯⎯⎯⎯[1/1]⎯

 Test Files  1 failed (1)
      Tests  1 failed | 3 passed (4)
   Start at  01:03:52
   Duration  312ms (transform 24ms, setup 0ms, collect 16ms, tests 6ms, environment 0ms, prepare 59ms)

undefined
/home/andefy/dev/covedao/apps/web:
 ERR_PNPM_RECURSIVE_EXEC_FIRST_FAIL  Command failed with exit code 1: vitest run src/lib/crc-replacement-boundary.test.ts
