
 RUN  v2.1.9 /home/andefy/dev/covedao/packages/cove-indexer

 ❯ src/crc20/fresh-reset.integration.test.ts (1 test | 1 failed) 1741ms
   × fresh bootstrap removes superseded CRC tables and explicit reset preserves shared state 15ms
     → expected [ …(14) ] to deeply equal []

⎯⎯⎯⎯⎯⎯⎯ Failed Tests 1 ⎯⎯⎯⎯⎯⎯⎯

 FAIL  src/crc20/fresh-reset.integration.test.ts > fresh bootstrap removes superseded CRC tables and explicit reset preserves shared state
AssertionError: expected [ …(14) ] to deeply equal []

- Expected
+ Received

- Array []
+ Array [
+   Object {
+     "tablename": "cove_crc_assets",
+   },
+   Object {
+     "tablename": "cove_crc_balances",
+   },
+   Object {
+     "tablename": "cove_crc_blocks",
+   },
+   Object {
+     "tablename": "cove_crc_build_sessions",
+   },
+   Object {
+     "tablename": "cove_crc_cursor",
+   },
+   Object {
+     "tablename": "cove_crc_events",
+   },
+   Object {
+     "tablename": "cove_crc_launch_intents",
+   },
+   Object {
+     "tablename": "cove_crc_market_fills",
+   },
+   Object {
+     "tablename": "cove_crc_market_listings",
+   },
+   Object {
+     "tablename": "cove_crc_signing_journal",
+   },
+   Object {
+     "tablename": "cove_crc_token_metadata",
+   },
+   Object {
+     "tablename": "cove_crc_token_utxos",
+   },
+   Object {
+     "tablename": "cove_crc_undo",
+   },
+   Object {
+     "tablename": "cove_crc_vaults",
+   },
+ ]

 ❯ src/crc20/fresh-reset.integration.test.ts:11:23
      9| test("fresh bootstrap removes superseded CRC tables and explicit reset…
     10|   const legacy = await owned.pool.query("select tablename from pg_tabl…
     11|   expect(legacy.rows).toEqual([]);
       |                       ^
     12|   const config = { network: "regtest", ticker: "TEST", vaultScriptHex:…
     13|   await initializeCrcLedger(owned.db, config, { activationHeight: 1 });

⎯⎯⎯⎯⎯⎯⎯⎯⎯⎯⎯⎯⎯⎯⎯⎯⎯⎯⎯⎯⎯⎯⎯⎯[1/1]⎯

 Test Files  1 failed (1)
      Tests  1 failed (1)
   Start at  00:41:12
   Duration  2.36s (transform 144ms, setup 0ms, collect 410ms, tests 1.74s, environment 0ms, prepare 56ms)

undefined
/home/andefy/dev/covedao/packages/cove-indexer:
 ERR_PNPM_RECURSIVE_EXEC_FIRST_FAIL  Command failed with exit code 1: vitest run src/crc20/fresh-reset.integration.test.ts
