
> @crclaunch/cove-indexer@0.1.0 test /home/andefy/dev/covedao/packages/cove-indexer
> vitest run


 RUN  v2.1.9 /home/andefy/dev/covedao/packages/cove-indexer

 ✓ src/v3/export-hygiene.test.ts (3 tests) 3ms
 ✓ src/v3/undo.test.ts (4 tests) 7ms
 ✓ src/chain-assert.test.ts (10 tests) 10ms
 ✓ src/crc20/worker-core.test.ts (3 tests) 23ms
 ✓ src/sign.test.ts (1 test) 20ms
 ✓ src/v3/health.test.ts (10 tests) 10ms
 ✓ src/indexer.test.ts (13 tests) 18ms
 ✓ src/signet-proof.test.ts (5 tests) 6ms
 ✓ src/proof-manifest.test.ts (9 tests) 15ms
 ✓ src/mainnet-canary.test.ts (3 tests) 11ms
 ✓ src/crc20/runner.test.ts (2 tests) 4ms
 ✓ src/v3/persistent-continuity.test.ts (6 tests) 13ms
 ↓ src/v3/store.test.ts (1 test | 1 skipped)
 ✓ src/v3/state.test.ts (8 tests) 91ms
 ✓ src/v3/golden-root.test.ts (5 tests) 101ms
 ✓ src/crc20/store-core.integration.test.ts (4 tests) 2283ms
 ✓ src/crc20/runner-core.integration.test.ts (3 tests) 25552ms
   ✓ actual mined deploy/mint and offer retirement persist exact core state across restart/reorg 8315ms
   ✓ deep actual reorg uses canonical checkpoint and replays when bounded undo is exhausted 9157ms
   ✓ actual cancelled-offer paid fill and unregistered external deployment follow only core decisions 2016ms

 Test Files  16 passed | 1 skipped (17)
      Tests  89 passed | 1 skipped (90)
   Start at  19:34:09
   Duration  27.50s (transform 4.51s, setup 0ms, collect 17.10s, tests 28.17s, environment 8ms, prepare 2.29s)

