
 RUN  v2.1.9 /home/andefy/dev/covedao/packages/cove-indexer

 ❯ src/crc20/worker-core.test.ts (3 tests | 3 failed) 15ms
   × observation adapter reaches actual provider for parents before committing a core block 12ms
     → observeCrcBlock is not a function
   × unrelated/external transactions are observed without parent RPC and excluded by core 1ms
     → observeCrcBlock is not a function
   × raw transaction id list mismatch refuses before provider work 1ms
     → observeCrcBlock is not a function

⎯⎯⎯⎯⎯⎯⎯ Failed Tests 3 ⎯⎯⎯⎯⎯⎯⎯

 FAIL  src/crc20/worker-core.test.ts > observation adapter reaches actual provider for parents before committing a core block
TypeError: observeCrcBlock is not a function
 ❯ src/crc20/worker-core.test.ts:32:23
     30|   };
     31|   const before = seeded();
     32|   await expect(worker.observeCrcBlock(before, rawBlock, {}, provider))…
       |                       ^
     33|     /unavailable/,
     34|   );

⎯⎯⎯⎯⎯⎯⎯⎯⎯⎯⎯⎯⎯⎯⎯⎯⎯⎯⎯⎯⎯⎯⎯⎯[1/3]⎯

 FAIL  src/crc20/worker-core.test.ts > unrelated/external transactions are observed without parent RPC and excluded by core
TypeError: observeCrcBlock is not a function
 ❯ src/crc20/worker-core.test.ts:41:33
     39|   const provider = { getRawTransaction: vi.fn().mockRejectedValue(new …
     40|   const before = core.emptyLedger(asset.config);
     41|   const observed = await worker.observeCrcBlock(before, rawBlock, {}, …
       |                                 ^
     42|   expect(provider.getRawTransaction).not.toHaveBeenCalled();
     43|   expect(observed.transactions[0]!.prevouts).toEqual([]);

⎯⎯⎯⎯⎯⎯⎯⎯⎯⎯⎯⎯⎯⎯⎯⎯⎯⎯⎯⎯⎯⎯⎯⎯[2/3]⎯

 FAIL  src/crc20/worker-core.test.ts > raw transaction id list mismatch refuses before provider work
TypeError: observeCrcBlock is not a function
 ❯ src/crc20/worker-core.test.ts:49:12
     47|   const provider = { getRawTransaction: vi.fn() };
     48|   await expect(
     49|     worker.observeCrcBlock(seeded(), { ...rawBlock, txids: ["0".repeat…
       |            ^
     50|   ).rejects.toThrow(/transaction/i);
     51|   expect(provider.getRawTransaction).not.toHaveBeenCalled();

⎯⎯⎯⎯⎯⎯⎯⎯⎯⎯⎯⎯⎯⎯⎯⎯⎯⎯⎯⎯⎯⎯⎯⎯[3/3]⎯

 Test Files  1 failed (1)
      Tests  3 failed (3)
   Start at  19:02:27
   Duration  742ms (transform 261ms, setup 0ms, collect 534ms, tests 15ms, environment 0ms, prepare 62ms)

undefined
/home/andefy/dev/covedao/packages/cove-indexer:
 ERR_PNPM_RECURSIVE_EXEC_FIRST_FAIL  Command failed with exit code 1: vitest run src/crc20/worker-core.test.ts
