
 RUN  v2.1.9 /home/andefy/dev/covedao/packages/cove-indexer

 ❯ src/crc20/store-core.integration.test.ts (4 tests | 1 failed) 1743ms
   × invalid deployment registration is rejected without persisting 6ms
     → saveCrcRegistration is not a function

⎯⎯⎯⎯⎯⎯⎯ Failed Tests 1 ⎯⎯⎯⎯⎯⎯⎯

 FAIL  src/crc20/store-core.integration.test.ts > invalid deployment registration is rejected without persisting
TypeError: saveCrcRegistration is not a function
 ❯ src/crc20/store-core.integration.test.ts:91:22
     89| });
     90| test("invalid deployment registration is rejected without persisting",…
     91|   await expect(store.saveCrcRegistration(fixture.db, config, {rawHex: …
       |                      ^
     92|   expect(await store.loadCrcRegistrations(fixture.db, "regtest")).toEq…
     93| });

⎯⎯⎯⎯⎯⎯⎯⎯⎯⎯⎯⎯⎯⎯⎯⎯⎯⎯⎯⎯⎯⎯⎯⎯[1/1]⎯

 Test Files  1 failed (1)
      Tests  1 failed | 3 passed (4)
   Start at  19:23:34
   Duration  2.34s (transform 159ms, setup 0ms, collect 388ms, tests 1.74s, environment 0ms, prepare 57ms)

undefined
/home/andefy/dev/covedao/packages/cove-indexer:
 ERR_PNPM_RECURSIVE_EXEC_FIRST_FAIL  Command failed with exit code 1: vitest run src/crc20/store-core.integration.test.ts
