
Running 38 tests using 1 worker

  ✓   1 [desktop] › tests-crc-core/activity-refresh.spec.ts:4:1 › token history and indexed state refresh without reloading or resetting trade input (1.2s)
  ✓   2 [desktop] › tests-crc-core/bundle.spec.ts:3:1 › active UI scripts contain only the authoritative CRC implementation and no server modules (5.7s)
  ✓   3 [desktop] › tests-crc-core/interactions.spec.ts:46:3 › existing trade controls build and sign 500-token buy with exact core fees (1.5s)
  ✓   4 [desktop] › tests-crc-core/interactions.spec.ts:46:3 › existing trade controls build and sign 400-token sell with exact core fees (1.5s)
  ✓   5 [desktop] › tests-crc-core/interactions.spec.ts:46:3 › existing trade controls build and sign 600-token sell with exact core fees (1.4s)
  ✓   6 [desktop] › tests-crc-core/interactions.spec.ts:72:3 › altered signing never reaches submission and clears busy state (1.3s)
  ✓   7 [desktop] › tests-crc-core/interactions.spec.ts:72:3 › unsupported signing never reaches submission and clears busy state (1.4s)
  ✓   8 [desktop] › tests-crc-core/interactions.spec.ts:72:3 › rejected signing never reaches submission and clears busy state (1.4s)
  ✓   9 [desktop] › tests-crc-core/interactions.spec.ts:95:1 › launch retains metadata review and validates before wallet signing (1.3s)
  ✓  10 [desktop] › tests-crc-core/interactions.spec.ts:114:1 › market review completes with one buyer signature and unchanged seller presign (1.2s)
  ✓  11 [desktop] › tests-crc-core/interactions.spec.ts:135:1 › seller controls publish core BIP322/83 terms and cancellation spends with ALL (1.3s)
  ✓  12 [desktop] › tests-crc-core/interactions.spec.ts:173:1 › disconnect during independent plan observations prevents a stale wallet prompt (1.3s)
  ✓  13 [desktop] › tests-crc-core/interactions.spec.ts:198:3 › launch refuses changed description before offering a signature (1.2s)
  ✓  14 [desktop] › tests-crc-core/interactions.spec.ts:198:3 › launch refuses changed websiteUrl before offering a signature (1.2s)
  ✓  15 [desktop] › tests-crc-core/interactions.spec.ts:198:3 › launch refuses changed xUrl before offering a signature (1.1s)
  ✓  16 [desktop] › tests-crc-core/interactions.spec.ts:198:3 › launch refuses changed imageUrl before offering a signature (1.2s)
  ✓  17 [desktop] › tests-crc-core/interactions.spec.ts:218:1 › disconnect while a wallet response is pending prevents submission of its signature (1.3s)
  ✓  18 [desktop] › tests-crc-core/interactions.spec.ts:238:1 › launch refuses a token carrier substituted into ordinary BTC funding before prompting (1.3s)
  ✓  19 [desktop] › tests-crc-core/interactions.spec.ts:258:1 › one Buy review signs the full 1000-token receipt across 400 inventory and 600 issuance (1.3s)
  ✓  20 [mobile] › tests-crc-core/activity-refresh.spec.ts:4:1 › token history and indexed state refresh without reloading or resetting trade input (1.4s)
  ✓  21 [mobile] › tests-crc-core/bundle.spec.ts:3:1 › active UI scripts contain only the authoritative CRC implementation and no server modules (6.9s)
  ✓  22 [mobile] › tests-crc-core/interactions.spec.ts:46:3 › existing trade controls build and sign 500-token buy with exact core fees (1.3s)
  ✓  23 [mobile] › tests-crc-core/interactions.spec.ts:46:3 › existing trade controls build and sign 400-token sell with exact core fees (1.3s)
  ✓  24 [mobile] › tests-crc-core/interactions.spec.ts:46:3 › existing trade controls build and sign 600-token sell with exact core fees (1.4s)
  ✓  25 [mobile] › tests-crc-core/interactions.spec.ts:72:3 › altered signing never reaches submission and clears busy state (1.2s)
  ✓  26 [mobile] › tests-crc-core/interactions.spec.ts:72:3 › unsupported signing never reaches submission and clears busy state (1.2s)
  ✓  27 [mobile] › tests-crc-core/interactions.spec.ts:72:3 › rejected signing never reaches submission and clears busy state (1.3s)
  ✓  28 [mobile] › tests-crc-core/interactions.spec.ts:95:1 › launch retains metadata review and validates before wallet signing (1.3s)
  ✓  29 [mobile] › tests-crc-core/interactions.spec.ts:114:1 › market review completes with one buyer signature and unchanged seller presign (1.2s)
  ✓  30 [mobile] › tests-crc-core/interactions.spec.ts:135:1 › seller controls publish core BIP322/83 terms and cancellation spends with ALL (1.3s)
  ✓  31 [mobile] › tests-crc-core/interactions.spec.ts:173:1 › disconnect during independent plan observations prevents a stale wallet prompt (1.3s)
  ✓  32 [mobile] › tests-crc-core/interactions.spec.ts:198:3 › launch refuses changed description before offering a signature (1.2s)
  ✓  33 [mobile] › tests-crc-core/interactions.spec.ts:198:3 › launch refuses changed websiteUrl before offering a signature (1.2s)
  ✓  34 [mobile] › tests-crc-core/interactions.spec.ts:198:3 › launch refuses changed xUrl before offering a signature (1.1s)
  ✓  35 [mobile] › tests-crc-core/interactions.spec.ts:198:3 › launch refuses changed imageUrl before offering a signature (1.1s)
  ✓  36 [mobile] › tests-crc-core/interactions.spec.ts:218:1 › disconnect while a wallet response is pending prevents submission of its signature (1.2s)
  ✓  37 [mobile] › tests-crc-core/interactions.spec.ts:238:1 › launch refuses a token carrier substituted into ordinary BTC funding before prompting (1.2s)
  ✓  38 [mobile] › tests-crc-core/interactions.spec.ts:258:1 › one Buy review signs the full 1000-token receipt across 400 inventory and 600 issuance (1.2s)

  38 passed (59.8s)
