
 RUN  v2.1.9 /home/andefy/dev/covedao/apps/web

stderr | src/lib/crc-core-submit.integration.test.ts > HTTP unsigned or changed wallet response never reaches Core live checks or custody
[api] WALLET_SIGNATURE_INVALID

stderr | src/lib/crc-core-submit.integration.test.ts > HTTP unsigned or changed wallet response never reaches Core live checks or custody
[api] WALLET_SIGNATURE_INVALID

stderr | src/lib/crc-core-submit.integration.test.ts > HTTP re-signed retry uses cached Guardian witness after lost response
[api] GUARDIAN_UNAVAILABLE

stderr | src/lib/crc-core-submit.integration.test.ts > HTTP forged offer terms and wrong network reject before live RPC or custody
[api] WALLET_SIGNATURE_INVALID
[api] WRONG_NETWORK

stderr | src/lib/crc-core-submit.integration.test.ts > API persists READY before failed broadcast and retries exact saved bytes without custody
[api] BROADCAST_FAILED

stderr | src/lib/crc-core-submit.integration.test.ts > API admits competing advisory builds but rejects the spent vault before second custody
[api] STATE_CHANGED

stderr | src/lib/crc-core-submit.integration.test.ts > stored buy intent cannot misstate receipt or split while wallet/Guardian signing is pending
[api] CLIENT_INTENT_MISMATCH

stderr | src/lib/crc-core-submit.integration.test.ts > stored buy intent cannot misstate receipt or split while wallet/Guardian signing is pending
[api] CLIENT_INTENT_MISMATCH

stderr | src/lib/crc-core-submit.integration.test.ts > stored buy intent cannot misstate receipt or split while wallet/Guardian signing is pending
[api] CLIENT_INTENT_MISMATCH

stderr | src/lib/crc-core-submit.integration.test.ts > stored buy intent cannot misstate receipt or split while wallet/Guardian signing is pending
[api] CLIENT_INTENT_MISMATCH

 ✓ src/lib/crc-core-submit.integration.test.ts (16 tests) 97301ms
   ✓ HTTP submit registers exact signed core deployment before actual broadcast and is idempotent 2366ms
   ✓ HTTP API sends verified wallet first to actual shared Guardian and mines indexed core mint 3113ms
   ✓ HTTP sell and inventory buy mine exact core plans, fees and allocations 7052ms
   ✓ HTTP re-signed retry uses cached Guardian witness after lost response 3665ms
   ✓ HTTP arbitrary transfer and one-transaction listing preserve exact core allocations 5530ms
   ✓ core offer activation and buyer-only API fill preserve seller presign and exact fees 3097ms
   ✓ API cancellation mines, rolls back with actual reorg, and rebroadcasts its persisted receipt 6645ms
   ✓ API accepts an already signed paid fill after advisory expiry and rejects new expired builds 3210ms
   ✓ API persists READY before failed broadcast and retries exact saved bytes without custody 4299ms
   ✓ API admits competing advisory builds but rejects the spent vault before second custody 3133ms
   ✓ HTTP sell build replay survives consumed token inputs, funding refresh and fee changes 4298ms
   ✓ full consumer buy400/sell400/buy1000 records total1000, inventory400 and new600, then repeat100 and reorg 25539ms
   ✓ stored buy intent cannot misstate receipt or split while wallet/Guardian signing is pending 998ms
   ✓ consumer buy400/list300/buyer-only fill returns100 without an extra split transaction 17930ms

 Test Files  1 passed (1)
      Tests  16 passed (16)
   Start at  05:49:54
   Duration  98.93s (transform 709ms, setup 0ms, collect 1.30s, tests 97.30s, environment 0ms, prepare 68ms)
