
> crc-launch@0.1.0 lint /home/andefy/dev/covedao
> turbo run lint

• turbo 2.11.2

   • Packages in scope: @crclaunch/bitcoin, @crclaunch/config, @crclaunch/cove-app, @crclaunch/cove-covenant, @crclaunch/cove-economics, @crclaunch/cove-guardian, @crclaunch/cove-indexer, @crclaunch/cove-mainnet, @crclaunch/cove-market, @crclaunch/cove-recovery, @crclaunch/cove-simplicity, @crclaunch/cove-vault, @crclaunch/cove-wire, @crclaunch/crc20-adapters, @crclaunch/crc20-guardian, @crclaunch/crc20-protocol, @crclaunch/crc20-state, @crclaunch/curve, @crclaunch/db, @crclaunch/docs, @crclaunch/guardian, @crclaunch/protocol, @crclaunch/schemas, @crclaunch/wallets, @crclaunch/web, @crclaunch/worker
   • Running lint in 26 packages
   • Remote caching disabled

@crclaunch/crc20-protocol:lint: cache miss, executing f473b9933265c12d
@crclaunch/config:build: cache hit, replaying logs f633139ba1b9a0d8
@crclaunch/curve:build: cache hit, replaying logs 10c6b044facbd3fe
@crclaunch/cove-wire:build: cache hit, replaying logs 42cdb2d3c9440d8d
@crclaunch/config:build:
@crclaunch/config:build: > @crclaunch/config@0.1.0 build /home/andefy/dev/covedao/packages/config
@crclaunch/config:build: > tsc -p tsconfig.json --noEmit
@crclaunch/config:build:
@crclaunch/curve:build:
@crclaunch/curve:build: > @crclaunch/curve@0.1.0 build /home/andefy/dev/covedao/packages/curve
@crclaunch/curve:build: > tsc -p tsconfig.json --noEmit
@crclaunch/curve:build:
@crclaunch/bitcoin:build: cache hit, replaying logs a646c0a13d18ad52
@crclaunch/cove-economics:build: cache hit, replaying logs 7bfd5343aaf71d67
@crclaunch/bitcoin:build:
@crclaunch/bitcoin:build: > @crclaunch/bitcoin@0.1.0 build /home/andefy/dev/covedao/packages/bitcoin
@crclaunch/bitcoin:build: > tsc -p tsconfig.json --noEmit
@crclaunch/bitcoin:build:
@crclaunch/cove-economics:build:
@crclaunch/cove-economics:build: > @crclaunch/cove-economics@0.1.0 build /home/andefy/dev/covedao/packages/cove-economics
@crclaunch/cove-economics:build: > tsc -p tsconfig.json --noEmit
@crclaunch/cove-economics:build:
@crclaunch/crc20-protocol:build: cache hit, replaying logs 06a61ae6a8272f61
@crclaunch/crc20-protocol:build:
@crclaunch/crc20-protocol:build: > @crclaunch/crc20-protocol@0.1.0 build /home/andefy/dev/covedao/packages/cove-market/crc20-protocol
@crclaunch/crc20-protocol:build: > tsc -p tsconfig.build.json && node build-browser.mjs
@crclaunch/cove-wire:build:
@crclaunch/cove-wire:build: > @crclaunch/cove-wire@0.1.0 build /home/andefy/dev/covedao/packages/cove-wire
@crclaunch/crc20-protocol:build:
@crclaunch/cove-wire:build: > tsc -p tsconfig.json --noEmit
@crclaunch/cove-wire:build:
@crclaunch/db:build: cache hit, replaying logs 0e3e3ac52b6fb1b4
@crclaunch/db:build:
@crclaunch/db:build: > @crclaunch/db@0.1.0 build /home/andefy/dev/covedao/packages/db
@crclaunch/db:build: > tsc -p tsconfig.json --noEmit
@crclaunch/db:build:
@crclaunch/protocol:build: cache hit, replaying logs f75cebde14bf068b
@crclaunch/protocol:build:
@crclaunch/protocol:build: > @crclaunch/protocol@0.1.0 build /home/andefy/dev/covedao/packages/protocol
@crclaunch/protocol:build: > tsc -p tsconfig.json --noEmit
@crclaunch/protocol:build:
@crclaunch/cove-covenant:build: cache hit, replaying logs 70014974b9280e10
@crclaunch/cove-covenant:build:
@crclaunch/cove-covenant:build: > @crclaunch/cove-covenant@0.1.0 build /home/andefy/dev/covedao/packages/cove-covenant
@crclaunch/cove-covenant:build: > tsc -p tsconfig.json --noEmit
@crclaunch/cove-covenant:build:
@crclaunch/crc20-adapters:lint: cache miss, executing 4e0f0a697efa4cad
@crclaunch/cove-economics:lint: cache hit, replaying logs c4aeac90f6f60b79
@crclaunch/bitcoin:lint: cache hit, replaying logs 8a790502265b0402
@crclaunch/config:lint: cache hit, replaying logs 18585fbddecad34e
@crclaunch/protocol:lint: cache hit, replaying logs 9017957767c5a562
@crclaunch/db:lint: cache hit, replaying logs f19f110ae0956b61
@crclaunch/schemas:lint: cache hit, replaying logs 4ce028d9550b02d9
@crclaunch/cove-wire:lint: cache hit, replaying logs fd14b7533014a25b
@crclaunch/curve:lint: cache hit, replaying logs 8cd359578f5a1094
@crclaunch/protocol:lint:
@crclaunch/protocol:lint: > @crclaunch/protocol@0.1.0 lint /home/andefy/dev/covedao/packages/protocol
@crclaunch/protocol:lint: > eslint src --max-warnings=0
@crclaunch/protocol:lint:
@crclaunch/bitcoin:lint:
@crclaunch/cove-economics:lint:
@crclaunch/bitcoin:lint: > @crclaunch/bitcoin@0.1.0 lint /home/andefy/dev/covedao/packages/bitcoin
@crclaunch/db:lint:
@crclaunch/db:lint: > @crclaunch/db@0.1.0 lint /home/andefy/dev/covedao/packages/db
@crclaunch/cove-economics:lint: > @crclaunch/cove-economics@0.1.0 lint /home/andefy/dev/covedao/packages/cove-economics
@crclaunch/schemas:lint:
@crclaunch/schemas:lint: > @crclaunch/schemas@0.1.0 lint /home/andefy/dev/covedao/packages/schemas
@crclaunch/bitcoin:lint: > eslint src --max-warnings=0
@crclaunch/curve:lint:
@crclaunch/config:lint:
@crclaunch/config:lint: > @crclaunch/config@0.1.0 lint /home/andefy/dev/covedao/packages/config
@crclaunch/db:lint: > eslint src --max-warnings=0
@crclaunch/db:lint:
@crclaunch/cove-economics:lint: > eslint src --max-warnings=0
@crclaunch/cove-economics:lint:
@crclaunch/schemas:lint: > eslint src --max-warnings=0
@crclaunch/schemas:lint:
@crclaunch/bitcoin:lint:
@crclaunch/curve:lint: > @crclaunch/curve@0.1.0 lint /home/andefy/dev/covedao/packages/curve
@crclaunch/curve:lint: > eslint src --max-warnings=0
@crclaunch/curve:lint:
@crclaunch/cove-wire:lint:
@crclaunch/cove-wire:lint: > @crclaunch/cove-wire@0.1.0 lint /home/andefy/dev/covedao/packages/cove-wire
@crclaunch/cove-wire:lint: > eslint src --max-warnings=0
@crclaunch/config:lint: > eslint src --max-warnings=0
@crclaunch/config:lint:
@crclaunch/cove-wire:lint:
@crclaunch/crc20-state:lint: cache miss, executing 92930a276c998567
@crclaunch/crc20-adapters:build: cache hit, replaying logs 9da98b90b1865d4d
@crclaunch/crc20-adapters:build:
@crclaunch/crc20-adapters:build: > @crclaunch/crc20-adapters@0.1.0 build /home/andefy/dev/covedao/packages/crc20-adapters
@crclaunch/crc20-adapters:build: > tsc -p tsconfig.build.json && node build-browser.mjs
@crclaunch/cove-covenant:lint: cache hit, replaying logs 97550113b34fa856
@crclaunch/wallets:lint: cache hit, replaying logs d36916e018616490
@crclaunch/cove-vault:build: cache hit, replaying logs 803b70090959e20d
@crclaunch/crc20-adapters:build:
@crclaunch/cove-vault:build:
@crclaunch/cove-vault:build: > @crclaunch/cove-vault@0.1.0 build /home/andefy/dev/covedao/packages/cove-vault
@crclaunch/cove-vault:build: > tsc -p tsconfig.json --noEmit
@crclaunch/cove-vault:build:
@crclaunch/cove-covenant:lint:
@crclaunch/cove-covenant:lint: > @crclaunch/cove-covenant@0.1.0 lint /home/andefy/dev/covedao/packages/cove-covenant
@crclaunch/cove-covenant:lint: > eslint src --max-warnings=0
@crclaunch/cove-covenant:lint:
@crclaunch/wallets:lint:
@crclaunch/wallets:lint: > @crclaunch/wallets@0.1.0 lint /home/andefy/dev/covedao/packages/wallets
@crclaunch/wallets:build: cache hit, replaying logs 7de127aa5e5aa5e8
@crclaunch/wallets:lint: > eslint src --max-warnings=0
@crclaunch/wallets:lint:
@crclaunch/wallets:build:
@crclaunch/cove-vault:lint: cache hit, replaying logs 68be7d9753228d81
@crclaunch/wallets:build: > @crclaunch/wallets@0.1.0 build /home/andefy/dev/covedao/packages/wallets
@crclaunch/wallets:build: > tsc -p tsconfig.json --noEmit
@crclaunch/wallets:build:
@crclaunch/crc20-state:build: cache hit, replaying logs dc076a5c7b6f5149
@crclaunch/crc20-state:build:
@crclaunch/crc20-state:build: > @crclaunch/crc20-state@0.1.0 build /home/andefy/dev/covedao/packages/crc20-state
@crclaunch/crc20-state:build: > tsc -p tsconfig.json --noEmit
@crclaunch/crc20-state:build:
@crclaunch/cove-simplicity:build: cache hit, replaying logs 9f38990c49f1b59b
@crclaunch/cove-simplicity:build:
@crclaunch/cove-simplicity:build: > @crclaunch/cove-simplicity@0.1.0 build /home/andefy/dev/covedao/packages/cove-simplicity
@crclaunch/cove-simplicity:build: > tsc -p tsconfig.json --noEmit
@crclaunch/cove-simplicity:build:
@crclaunch/cove-vault:lint:
@crclaunch/cove-simplicity:lint: cache hit, replaying logs 6711f8f8932ade37
@crclaunch/cove-vault:lint: > @crclaunch/cove-vault@0.1.0 lint /home/andefy/dev/covedao/packages/cove-vault
@crclaunch/cove-vault:lint: > eslint src --max-warnings=0
@crclaunch/cove-vault:lint:
@crclaunch/cove-recovery:lint: cache hit, replaying logs f928b2958cd6f238
@crclaunch/cove-mainnet:build: cache hit, replaying logs 63ae78786e45bdc3
@crclaunch/cove-mainnet:build:
@crclaunch/cove-mainnet:build: > @crclaunch/cove-mainnet@0.1.0 build /home/andefy/dev/covedao/packages/cove-mainnet
@crclaunch/cove-recovery:lint:
@crclaunch/cove-mainnet:build: > tsc -p tsconfig.json --noEmit
@crclaunch/cove-recovery:lint: > @crclaunch/cove-recovery@0.1.0 lint /home/andefy/dev/covedao/packages/cove-recovery
@crclaunch/cove-mainnet:build:
@crclaunch/cove-recovery:lint: > eslint src --max-warnings=0
@crclaunch/cove-recovery:lint:
@crclaunch/cove-simplicity:lint:
@crclaunch/cove-simplicity:lint: > @crclaunch/cove-simplicity@0.1.0 lint /home/andefy/dev/covedao/packages/cove-simplicity
@crclaunch/cove-simplicity:lint: > eslint src --max-warnings=0
@crclaunch/cove-simplicity:lint:
@crclaunch/cove-mainnet:lint: cache hit, replaying logs 756726bdb8c931ef
@crclaunch/cove-guardian:build: cache hit, replaying logs 4d6d5a52e81521d0
@crclaunch/cove-guardian:build:
@crclaunch/cove-guardian:build: > @crclaunch/cove-guardian@0.1.0 build /home/andefy/dev/covedao/packages/cove-guardian
@crclaunch/cove-guardian:build: > tsc -p tsconfig.json --noEmit
@crclaunch/cove-guardian:build:
@crclaunch/cove-guardian:lint: cache hit, replaying logs 4b3c3c3d80c3988a
@crclaunch/cove-mainnet:lint:
@crclaunch/cove-mainnet:lint: > @crclaunch/cove-mainnet@0.1.0 lint /home/andefy/dev/covedao/packages/cove-mainnet
@crclaunch/cove-mainnet:lint: > eslint src --max-warnings=0
@crclaunch/cove-mainnet:lint:
@crclaunch/cove-indexer:lint: cache miss, executing 77a34741eaeb7aef
@crclaunch/cove-guardian:lint:
@crclaunch/cove-guardian:lint: > @crclaunch/cove-guardian@0.1.0 lint /home/andefy/dev/covedao/packages/cove-guardian
@crclaunch/cove-guardian:lint: > eslint src --max-warnings=0
@crclaunch/cove-guardian:lint:
@crclaunch/cove-indexer:build: cache hit, replaying logs cae3050cccd8807b
@crclaunch/cove-indexer:build:
@crclaunch/cove-indexer:build: > @crclaunch/cove-indexer@0.1.0 build /home/andefy/dev/covedao/packages/cove-indexer
@crclaunch/cove-indexer:build: > tsc -p tsconfig.json --noEmit
@crclaunch/cove-indexer:build:
@crclaunch/cove-market:lint: cache miss, executing f6b13e859d4040b9
@crclaunch/cove-market:build: cache hit, replaying logs 92eee923348fea2f
@crclaunch/cove-market:build:
@crclaunch/cove-market:build: > @crclaunch/cove-market@0.1.0 build /home/andefy/dev/covedao/packages/cove-market
@crclaunch/cove-market:build: > tsc -p tsconfig.json --noEmit
@crclaunch/cove-market:build:
@crclaunch/crc20-guardian:lint: cache miss, executing fa89f57d41cf3cbc
@crclaunch/crc20-guardian:build: cache hit, replaying logs da5095ce57dfa42d
@crclaunch/cove-app:lint: cache miss, executing 2c7dd4861cc7f1da
@crclaunch/crc20-guardian:build:
@crclaunch/crc20-guardian:build: > @crclaunch/crc20-guardian@0.1.0 build /home/andefy/dev/covedao/packages/crc20-guardian
@crclaunch/crc20-guardian:build: > tsc -p tsconfig.json --noEmit
@crclaunch/crc20-guardian:build:
@crclaunch/cove-app:build: cache hit, replaying logs f564a80df5e29acc
@crclaunch/cove-app:build:
@crclaunch/cove-app:build: > @crclaunch/cove-app@0.1.0 build /home/andefy/dev/covedao/packages/cove-app
@crclaunch/cove-app:build: > tsc -p tsconfig.json --noEmit
@crclaunch/cove-app:build:
@crclaunch/web:lint: cache miss, executing 9e9f64e3c8bae7bb
@crclaunch/worker:lint: cache miss, executing f514d1da2b391156
@crclaunch/guardian:lint: cache miss, executing 5b818faf003214b5
@crclaunch/cove-indexer:lint:
@crclaunch/cove-indexer:lint: > @crclaunch/cove-indexer@0.1.0 lint /home/andefy/dev/covedao/packages/cove-indexer
@crclaunch/cove-indexer:lint: > eslint src --max-warnings=0
@crclaunch/cove-indexer:lint:
@crclaunch/guardian:lint:
@crclaunch/guardian:lint: > @crclaunch/guardian@0.1.0 lint /home/andefy/dev/covedao/apps/guardian
@crclaunch/guardian:lint: > eslint src --max-warnings=0
@crclaunch/guardian:lint:
@crclaunch/crc20-protocol:lint:
@crclaunch/crc20-protocol:lint: > @crclaunch/crc20-protocol@0.1.0 lint /home/andefy/dev/covedao/packages/cove-market/crc20-protocol
@crclaunch/crc20-protocol:lint: > eslint *.ts *.mjs test-support/*.ts --max-warnings=0 --no-warn-ignored
@crclaunch/crc20-protocol:lint:
@crclaunch/cove-app:lint:
@crclaunch/cove-app:lint: > @crclaunch/cove-app@0.1.0 lint /home/andefy/dev/covedao/packages/cove-app
@crclaunch/cove-app:lint: > eslint src --max-warnings=0
@crclaunch/cove-app:lint:
@crclaunch/worker:lint:
@crclaunch/worker:lint: > @crclaunch/worker@0.1.0 lint /home/andefy/dev/covedao/apps/worker
@crclaunch/worker:lint: > eslint src --max-warnings=0
@crclaunch/worker:lint:
@crclaunch/crc20-state:lint:
@crclaunch/crc20-state:lint: > @crclaunch/crc20-state@0.1.0 lint /home/andefy/dev/covedao/packages/crc20-state
@crclaunch/crc20-state:lint: > eslint src --max-warnings=0
@crclaunch/crc20-state:lint:
@crclaunch/crc20-guardian:lint:
@crclaunch/crc20-guardian:lint: > @crclaunch/crc20-guardian@0.1.0 lint /home/andefy/dev/covedao/packages/crc20-guardian
@crclaunch/crc20-guardian:lint: > eslint src --max-warnings=0
@crclaunch/crc20-guardian:lint:
@crclaunch/crc20-adapters:lint:
@crclaunch/crc20-adapters:lint: > @crclaunch/crc20-adapters@0.1.0 lint /home/andefy/dev/covedao/packages/crc20-adapters
@crclaunch/crc20-adapters:lint: > eslint src --max-warnings=0
@crclaunch/crc20-adapters:lint:
@crclaunch/cove-market:lint:
@crclaunch/cove-market:lint: > @crclaunch/cove-market@0.1.0 lint /home/andefy/dev/covedao/packages/cove-market
@crclaunch/cove-market:lint: > eslint src --max-warnings=0
@crclaunch/cove-market:lint:
@crclaunch/web:lint:
@crclaunch/web:lint: > @crclaunch/web@0.1.0 lint /home/andefy/dev/covedao/apps/web
@crclaunch/web:lint: > eslint src --max-warnings=0
@crclaunch/web:lint:

 Tasks:    45 successful, 45 total
Cached:    35 cached, 45 total
  Time:    4.458s
