
> cove-guardian-service@0.1.0 typecheck /home/andefy/dev/guardian
> pnpm -r typecheck

Scope: 20 of 21 workspace projects
packages/config typecheck$ tsc -p tsconfig.json --noEmit
packages/crc20-protocol typecheck$ tsc -p tsconfig.build.json --noEmit
packages/curve typecheck$ tsc -p tsconfig.json --noEmit
packages/cove-wire typecheck$ tsc -p tsconfig.json --noEmit
packages/cove-wire typecheck: Done
packages/crc20-protocol typecheck: Done
packages/curve typecheck: Done
packages/config typecheck: Done
packages/bitcoin typecheck$ tsc -p tsconfig.json --noEmit
packages/cove-economics typecheck$ tsc -p tsconfig.json --noEmit
packages/db typecheck$ tsc -p tsconfig.json --noEmit
packages/crc20-adapters typecheck$ tsc -p tsconfig.json --noEmit
packages/cove-economics typecheck: Done
packages/crc20-adapters typecheck: src/index.ts(24,24): error TS2551: Property 'curveBuyAmounts' does not exist on type 'typeof import("/home/andefy/dev/guardian/packages/crc20-protocol/dist/index")'. Did you mean 'curveAmount'?
packages/crc20-adapters typecheck: src/index.ts(36,5): error TS2344: Type '"kind" | "amountAtoms" | "inventoryBuyAtoms" | "newlyMintedAtoms"' does not satisfy the constraint 'keyof ValidatedTransition'.
packages/crc20-adapters typecheck:   Type '"inventoryBuyAtoms"' is not assignable to type 'keyof ValidatedTransition'.
packages/crc20-adapters typecheck: src/index.ts(42,12): error TS2339: Property 'inventoryBuyAtoms' does not exist on type 'Plan'.
packages/crc20-adapters typecheck: src/index.ts(43,12): error TS2339: Property 'newlyMintedAtoms' does not exist on type 'Plan'.
packages/crc20-adapters typecheck: src/index.ts(384,35): error TS2345: Argument of type 'ValidatedTransition' is not assignable to parameter of type 'Pick<ValidatedTransition, "kind" | "amountAtoms" | "inventoryBuyAtoms" | "newlyMintedAtoms">'.
packages/crc20-adapters typecheck:   Type 'ValidatedTransition' is missing the following properties from type 'Pick<ValidatedTransition, "kind" | "amountAtoms" | "inventoryBuyAtoms" | "newlyMintedAtoms">': inventoryBuyAtoms, newlyMintedAtoms
packages/crc20-adapters typecheck: src/index.ts(448,37): error TS2345: Argument of type 'Omit<ValidatedTransition, "ledger">' is not assignable to parameter of type 'Pick<ValidatedTransition, "kind" | "amountAtoms" | "inventoryBuyAtoms" | "newlyMintedAtoms">'.
packages/crc20-adapters typecheck:   Type 'Omit<ValidatedTransition, "ledger">' is missing the following properties from type 'Pick<ValidatedTransition, "kind" | "amountAtoms" | "inventoryBuyAtoms" | "newlyMintedAtoms">': inventoryBuyAtoms, newlyMintedAtoms
packages/crc20-adapters typecheck: Failed
/home/andefy/dev/guardian/packages/crc20-adapters:
 ERR_PNPM_RECURSIVE_RUN_FIRST_FAIL  @crclaunch/crc20-adapters@0.1.0 typecheck: `tsc -p tsconfig.json --noEmit`
Exit status 1
packages/bitcoin typecheck: Done
 ELIFECYCLE  Command failed with exit code 1.
