 Container covedao-signet-guardian-1 Recreate
 Container covedao-signet-worker-1 Recreate
 Container covedao-signet-guardian-1 Recreated
 Container covedao-signet-worker-1 Recreated
 Container covedao-signet-web-1 Recreate
 Container covedao-signet-web-1 Recreated
 Container covedao-signet-guardian-1 Starting
 Container covedao-signet-worker-1 Starting
 Container covedao-signet-worker-1 Started
 Container covedao-signet-guardian-1 Started
 Container covedao-signet-guardian-1 Waiting
 Container covedao-signet-guardian-1 Healthy
 Container covedao-signet-web-1 Starting
 Container covedao-signet-web-1 Started
 Container covedao-signet-web-1 Waiting
 Container covedao-signet-worker-1 Waiting
 Container covedao-signet-guardian-1 Waiting
 Container covedao-signet-guardian-1 Healthy
 Container covedao-signet-worker-1 Healthy
 Container covedao-signet-web-1 Healthy
