
Running 4 tests using 1 worker

  ✘  1 [desktop] › tests-crc-core/interactions.spec.ts:198:3 › launch refuses changed description before offering a signature (6.6s)
  ✘  2 [desktop] › tests-crc-core/interactions.spec.ts:198:3 › launch refuses changed websiteUrl before offering a signature (7.1s)
  ✘  3 [desktop] › tests-crc-core/interactions.spec.ts:198:3 › launch refuses changed xUrl before offering a signature (7.4s)
  ✘  4 [desktop] › tests-crc-core/interactions.spec.ts:198:3 › launch refuses changed imageUrl before offering a signature (7.5s)


  1) [desktop] › tests-crc-core/interactions.spec.ts:198:3 › launch refuses changed description before offering a signature 

    Error: expect(locator).toBeVisible() failed

    Locator: getByRole('alert').filter({ hasText: /metadata.*changed/i })
    Expected: visible
    Timeout: 5000ms
    Error: element(s) not found

    Call log:
      - Expect "toBeVisible" getByRole('alert').filter({ hasText: /metadata.*changed/i }) with timeout 5000ms
      - waiting for getByRole('alert').filter({ hasText: /metadata.*changed/i })


      210 |     await page.getByRole("button", { name: "Review launch" }).click();
      211 |     await page.getByRole("button", { name: "Build and review transaction" }).click();
    > 212 |     await expect(page.getByRole("alert").filter({ hasText: /metadata.*changed/i })).toBeVisible();
          |                                                                                     ^
      213 |     await expect(page.getByRole("button", { name: "Sign and broadcast launch" })).toHaveCount(0);
      214 |     expect(prompts).toHaveLength(0);
      215 |   });
        at /home/andefy/dev/covedao/apps/web/tests-crc-core/interactions.spec.ts:212:85

    Error Context: test-results/interactions-launch-refuse-c98a3-before-offering-a-signature-desktop/error-context.md

  2) [desktop] › tests-crc-core/interactions.spec.ts:198:3 › launch refuses changed websiteUrl before offering a signature 

    Error: expect(locator).toBeVisible() failed

    Locator: getByRole('alert').filter({ hasText: /metadata.*changed/i })
    Expected: visible
    Timeout: 5000ms
    Error: element(s) not found

    Call log:
      - Expect "toBeVisible" getByRole('alert').filter({ hasText: /metadata.*changed/i }) with timeout 5000ms
      - waiting for getByRole('alert').filter({ hasText: /metadata.*changed/i })


      210 |     await page.getByRole("button", { name: "Review launch" }).click();
      211 |     await page.getByRole("button", { name: "Build and review transaction" }).click();
    > 212 |     await expect(page.getByRole("alert").filter({ hasText: /metadata.*changed/i })).toBeVisible();
          |                                                                                     ^
      213 |     await expect(page.getByRole("button", { name: "Sign and broadcast launch" })).toHaveCount(0);
      214 |     expect(prompts).toHaveLength(0);
      215 |   });
        at /home/andefy/dev/covedao/apps/web/tests-crc-core/interactions.spec.ts:212:85

    Error Context: test-results/interactions-launch-refuse-a9589-before-offering-a-signature-desktop/error-context.md

  3) [desktop] › tests-crc-core/interactions.spec.ts:198:3 › launch refuses changed xUrl before offering a signature 

    Error: expect(locator).toBeVisible() failed

    Locator: getByRole('alert').filter({ hasText: /metadata.*changed/i })
    Expected: visible
    Timeout: 5000ms
    Error: element(s) not found

    Call log:
      - Expect "toBeVisible" getByRole('alert').filter({ hasText: /metadata.*changed/i }) with timeout 5000ms
      - waiting for getByRole('alert').filter({ hasText: /metadata.*changed/i })


      210 |     await page.getByRole("button", { name: "Review launch" }).click();
      211 |     await page.getByRole("button", { name: "Build and review transaction" }).click();
    > 212 |     await expect(page.getByRole("alert").filter({ hasText: /metadata.*changed/i })).toBeVisible();
          |                                                                                     ^
      213 |     await expect(page.getByRole("button", { name: "Sign and broadcast launch" })).toHaveCount(0);
      214 |     expect(prompts).toHaveLength(0);
      215 |   });
        at /home/andefy/dev/covedao/apps/web/tests-crc-core/interactions.spec.ts:212:85

    Error Context: test-results/interactions-launch-refuse-aff4d-before-offering-a-signature-desktop/error-context.md

  4) [desktop] › tests-crc-core/interactions.spec.ts:198:3 › launch refuses changed imageUrl before offering a signature 

    Error: expect(locator).toBeVisible() failed

    Locator: getByRole('alert').filter({ hasText: /metadata.*changed/i })
    Expected: visible
    Timeout: 5000ms
    Error: element(s) not found

    Call log:
      - Expect "toBeVisible" getByRole('alert').filter({ hasText: /metadata.*changed/i }) with timeout 5000ms
      - waiting for getByRole('alert').filter({ hasText: /metadata.*changed/i })


      210 |     await page.getByRole("button", { name: "Review launch" }).click();
      211 |     await page.getByRole("button", { name: "Build and review transaction" }).click();
    > 212 |     await expect(page.getByRole("alert").filter({ hasText: /metadata.*changed/i })).toBeVisible();
          |                                                                                     ^
      213 |     await expect(page.getByRole("button", { name: "Sign and broadcast launch" })).toHaveCount(0);
      214 |     expect(prompts).toHaveLength(0);
      215 |   });
        at /home/andefy/dev/covedao/apps/web/tests-crc-core/interactions.spec.ts:212:85

    Error Context: test-results/interactions-launch-refuse-7a837-before-offering-a-signature-desktop/error-context.md

  4 failed
    [desktop] › tests-crc-core/interactions.spec.ts:198:3 › launch refuses changed description before offering a signature 
    [desktop] › tests-crc-core/interactions.spec.ts:198:3 › launch refuses changed websiteUrl before offering a signature 
    [desktop] › tests-crc-core/interactions.spec.ts:198:3 › launch refuses changed xUrl before offering a signature 
    [desktop] › tests-crc-core/interactions.spec.ts:198:3 › launch refuses changed imageUrl before offering a signature 
undefined
/home/andefy/dev/covedao/apps/web:
 ERR_PNPM_RECURSIVE_EXEC_FIRST_FAIL  Command failed with exit code 1: playwright test -c playwright.crc-core.config.ts interactions.spec.ts --project desktop -g launch refuses changed
