
> @crclaunch/web@0.1.0 test /home/andefy/dev/covedao/apps/web
> vitest run --passWithNoTests src/app/api/crc/v1/trading/status/route.test.ts


 RUN  v2.1.9 /home/andefy/dev/covedao/apps/web

 ❯ src/app/api/crc/v1/trading/status/route.test.ts (1 test | 1 failed) 6ms
   × publishes the operator fee authority for independent launch review 5ms
     → expected { tradingActive: true, …(1) } to deeply equal { tradingActive: true, …(2) }

⎯⎯⎯⎯⎯⎯⎯ Failed Tests 1 ⎯⎯⎯⎯⎯⎯⎯

 FAIL  src/app/api/crc/v1/trading/status/route.test.ts > publishes the operator fee authority for independent launch review
AssertionError: expected { tradingActive: true, …(1) } to deeply equal { tradingActive: true, …(2) }

- Expected
+ Received

  Object {
    "network": "regtest",
-   "protocolScriptHex": "00141111111111111111111111111111111111111111",
    "tradingActive": true,
  }

 ❯ src/app/api/crc/v1/trading/status/route.test.ts:6:21
      4| test("publishes the operator fee authority for independent launch revi…
      5|   const body = await (await GET()).json();
      6|   expect(body.data).toEqual({ tradingActive: true, network: "regtest",…
       |                     ^
      7| });
      8| 

⎯⎯⎯⎯⎯⎯⎯⎯⎯⎯⎯⎯⎯⎯⎯⎯⎯⎯⎯⎯⎯⎯⎯⎯[1/1]⎯

 Test Files  1 failed (1)
      Tests  1 failed (1)
   Start at  22:16:46
   Duration  1.81s (transform 959ms, setup 0ms, collect 1.51s, tests 6ms, environment 0ms, prepare 65ms)

/home/andefy/dev/covedao/apps/web:
 ERR_PNPM_RECURSIVE_RUN_FIRST_FAIL  @crclaunch/web@0.1.0 test: `vitest run --passWithNoTests src/app/api/crc/v1/trading/status/route.test.ts`
Exit status 1
