
 RUN  v2.1.9 /home/andefy/dev/covedao/apps/web

 ❯ src/lib/crc-market-route.test.ts (9 tests | 4 failed) 16ms
   × allows read-only funding exclusion while regtest marketplace mutations are paused 2ms
     → expected 503 to be 200 // Object.is equality
   × allows read-only funding exclusion while signet marketplace mutations are paused 1ms
     → expected 503 to be 200 // Object.is equality
   × allows read-only funding exclusion while testnet marketplace mutations are paused 0ms
     → expected 503 to be 200 // Object.is equality
   × allows read-only funding exclusion while mainnet marketplace mutations are paused 0ms
     → expected 503 to be 200 // Object.is equality

⎯⎯⎯⎯⎯⎯⎯ Failed Tests 4 ⎯⎯⎯⎯⎯⎯⎯

 FAIL  src/lib/crc-market-route.test.ts > allows read-only funding exclusion while regtest marketplace mutations are paused
 FAIL  src/lib/crc-market-route.test.ts > allows read-only funding exclusion while signet marketplace mutations are paused
 FAIL  src/lib/crc-market-route.test.ts > allows read-only funding exclusion while testnet marketplace mutations are paused
 FAIL  src/lib/crc-market-route.test.ts > allows read-only funding exclusion while mainnet marketplace mutations are paused
AssertionError: expected 503 to be 200 // Object.is equality

- Expected
+ Received

- 200
+ 503

 ❯ src/lib/crc-market-route.test.ts:134:29
    132|       body: JSON.stringify({ outpoints: [{ txid: carrierTxid, vout: 0 …
    133|     }), "funding-check", false, services);
    134|     expect(response.status).toBe(200);
       |                             ^
    135|     expect((await response.json()).data.tokenFreeOutpoints).toEqual([{…
    136|     expect(execute).toHaveBeenCalledOnce();

⎯⎯⎯⎯⎯⎯⎯⎯⎯⎯⎯⎯⎯⎯⎯⎯⎯⎯⎯⎯⎯⎯⎯⎯[1/4]⎯

 Test Files  1 failed (1)
      Tests  4 failed | 5 passed (9)
   Start at  23:13:33
   Duration  2.01s (transform 878ms, setup 0ms, collect 1.54s, tests 16ms, environment 0ms, prepare 44ms)

undefined
/home/andefy/dev/covedao/apps/web:
 ERR_PNPM_RECURSIVE_EXEC_FIRST_FAIL  Command failed with exit code 1: vitest run src/lib/crc-market-route.test.ts
