
Running 48 tests using 1 worker

  ✓   1 [desktop] › tests-crc-core/bundle.spec.ts:3:1 › active UI scripts contain only the authoritative CRC implementation and no server modules (11.9s)
  ✓   2 [desktop] › tests-crc-core/interactions.spec.ts:46:3 › existing trade controls build and sign 500-token buy with exact core fees (1.9s)
  ✓   3 [desktop] › tests-crc-core/interactions.spec.ts:46:3 › existing trade controls build and sign 400-token sell with exact core fees (2.1s)
  ✓   4 [desktop] › tests-crc-core/interactions.spec.ts:46:3 › existing trade controls build and sign 600-token sell with exact core fees (2.1s)
  ✓   5 [desktop] › tests-crc-core/interactions.spec.ts:72:3 › altered signing never reaches submission and clears busy state (2.2s)
  ✓   6 [desktop] › tests-crc-core/interactions.spec.ts:72:3 › unsupported signing never reaches submission and clears busy state (2.1s)
  ✓   7 [desktop] › tests-crc-core/interactions.spec.ts:72:3 › rejected signing never reaches submission and clears busy state (1.9s)
  ✓   8 [desktop] › tests-crc-core/interactions.spec.ts:95:1 › launch retains metadata review and validates before wallet signing (2.0s)
  ✓   9 [desktop] › tests-crc-core/interactions.spec.ts:114:1 › market review completes with one buyer signature and unchanged seller presign (1.8s)
  ✓  10 [desktop] › tests-crc-core/interactions.spec.ts:135:1 › seller controls publish core BIP322/83 terms and cancellation spends with ALL (1.8s)
  ✓  11 [desktop] › tests-crc-core/interactions.spec.ts:173:1 › disconnect during independent plan observations prevents a stale wallet prompt (2.5s)
  ✓  12 [desktop] › tests-crc-core/interactions.spec.ts:198:3 › launch refuses changed description before offering a signature (1.8s)
  ✓  13 [desktop] › tests-crc-core/interactions.spec.ts:198:3 › launch refuses changed websiteUrl before offering a signature (1.6s)
  ✓  14 [desktop] › tests-crc-core/interactions.spec.ts:198:3 › launch refuses changed xUrl before offering a signature (1.7s)
  ✓  15 [desktop] › tests-crc-core/interactions.spec.ts:198:3 › launch refuses changed imageUrl before offering a signature (1.7s)
  ✓  16 [desktop] › tests-crc-core/interactions.spec.ts:218:1 › disconnect while a wallet response is pending prevents submission of its signature (2.1s)
  ✓  17 [desktop] › tests-crc-core/interactions.spec.ts:238:1 › launch refuses a token carrier substituted into ordinary BTC funding before prompting (2.7s)
  ✓  18 [desktop] › tests-crc-core/ui-parity.spec.ts:5:3 › unchanged UI matches 5dded6a pixels and controls at / (2.1s)
  ✓  19 [desktop] › tests-crc-core/ui-parity.spec.ts:5:3 › unchanged UI matches 5dded6a pixels and controls at /explore (1.9s)
  ✓  20 [desktop] › tests-crc-core/ui-parity.spec.ts:5:3 › unchanged UI matches 5dded6a pixels and controls at /token/regtest%3Aaaaaaaaaaaaaaaaaaaaaaaaaaaaaaaaaaaaaaaaaaaaaaaaaaaaaaaaaaaaaaaaa (2.7s)
  ✓  21 [desktop] › tests-crc-core/ui-parity.spec.ts:5:3 › unchanged UI matches 5dded6a pixels and controls at /launch (2.1s)
  ✓  22 [desktop] › tests-crc-core/ui-parity.spec.ts:5:3 › unchanged UI matches 5dded6a pixels and controls at /market (2.0s)
  ✓  23 [desktop] › tests-crc-core/ui-parity.spec.ts:5:3 › unchanged UI matches 5dded6a pixels and controls at /activity (2.1s)
  ✓  24 [desktop] › tests-crc-core/ui-parity.spec.ts:5:3 › unchanged UI matches 5dded6a pixels and controls at /wallet (1.7s)
  ✓  25 [mobile] › tests-crc-core/bundle.spec.ts:3:1 › active UI scripts contain only the authoritative CRC implementation and no server modules (16.4s)
  ✓  26 [mobile] › tests-crc-core/interactions.spec.ts:46:3 › existing trade controls build and sign 500-token buy with exact core fees (2.3s)
  ✓  27 [mobile] › tests-crc-core/interactions.spec.ts:46:3 › existing trade controls build and sign 400-token sell with exact core fees (2.4s)
  ✓  28 [mobile] › tests-crc-core/interactions.spec.ts:46:3 › existing trade controls build and sign 600-token sell with exact core fees (2.2s)
  ✓  29 [mobile] › tests-crc-core/interactions.spec.ts:72:3 › altered signing never reaches submission and clears busy state (2.1s)
  ✓  30 [mobile] › tests-crc-core/interactions.spec.ts:72:3 › unsupported signing never reaches submission and clears busy state (2.2s)
  ✓  31 [mobile] › tests-crc-core/interactions.spec.ts:72:3 › rejected signing never reaches submission and clears busy state (2.2s)
  ✓  32 [mobile] › tests-crc-core/interactions.spec.ts:95:1 › launch retains metadata review and validates before wallet signing (2.0s)
  ✓  33 [mobile] › tests-crc-core/interactions.spec.ts:114:1 › market review completes with one buyer signature and unchanged seller presign (4.3s)
  ✓  34 [mobile] › tests-crc-core/interactions.spec.ts:135:1 › seller controls publish core BIP322/83 terms and cancellation spends with ALL (1.7s)
  ✓  35 [mobile] › tests-crc-core/interactions.spec.ts:173:1 › disconnect during independent plan observations prevents a stale wallet prompt (2.2s)
  ✓  36 [mobile] › tests-crc-core/interactions.spec.ts:198:3 › launch refuses changed description before offering a signature (1.9s)
  ✓  37 [mobile] › tests-crc-core/interactions.spec.ts:198:3 › launch refuses changed websiteUrl before offering a signature (1.6s)
  ✓  38 [mobile] › tests-crc-core/interactions.spec.ts:198:3 › launch refuses changed xUrl before offering a signature (1.8s)
  ✓  39 [mobile] › tests-crc-core/interactions.spec.ts:198:3 › launch refuses changed imageUrl before offering a signature (1.7s)
  ✓  40 [mobile] › tests-crc-core/interactions.spec.ts:218:1 › disconnect while a wallet response is pending prevents submission of its signature (1.9s)
  ✓  41 [mobile] › tests-crc-core/interactions.spec.ts:238:1 › launch refuses a token carrier substituted into ordinary BTC funding before prompting (1.9s)
  ✓  42 [mobile] › tests-crc-core/ui-parity.spec.ts:5:3 › unchanged UI matches 5dded6a pixels and controls at / (1.7s)
  ✓  43 [mobile] › tests-crc-core/ui-parity.spec.ts:5:3 › unchanged UI matches 5dded6a pixels and controls at /explore (1.9s)
  ✓  44 [mobile] › tests-crc-core/ui-parity.spec.ts:5:3 › unchanged UI matches 5dded6a pixels and controls at /token/regtest%3Aaaaaaaaaaaaaaaaaaaaaaaaaaaaaaaaaaaaaaaaaaaaaaaaaaaaaaaaaaaaaaaaa (2.1s)
  ✓  45 [mobile] › tests-crc-core/ui-parity.spec.ts:5:3 › unchanged UI matches 5dded6a pixels and controls at /launch (1.7s)
  ✓  46 [mobile] › tests-crc-core/ui-parity.spec.ts:5:3 › unchanged UI matches 5dded6a pixels and controls at /market (1.8s)
  ✓  47 [mobile] › tests-crc-core/ui-parity.spec.ts:5:3 › unchanged UI matches 5dded6a pixels and controls at /activity (1.6s)
  ✓  48 [mobile] › tests-crc-core/ui-parity.spec.ts:5:3 › unchanged UI matches 5dded6a pixels and controls at /wallet (1.5s)

  48 passed (2.1m)
