
 RUN  v2.1.9 /home/andefy/dev/covedao/apps/web

 ✓ src/lib/crc-core-read.integration.test.ts (6 tests) 2651ms
 ↓ src/lib/sparklines-db.test.ts (8 tests | 8 skipped)
 ✓ src/lib/crc-browser-session.test.ts (6 tests) 46ms
 ✓ src/lib/crc-market-client.test.ts (3 tests) 105ms
 ✓ src/lib/regtest-scan.test.ts (8 tests) 15ms
 ✓ src/lib/wallets/xverse-capabilities.test.ts (11 tests) 21ms
 ✓ src/lib/wallets/resolve.test.ts (10 tests) 13ms
 ✓ src/lib/crc-market-route.test.ts (9 tests) 19ms
 ✓ src/lib/crc-quote-route.test.ts (4 tests) 18ms
 ✓ src/lib/chain-status-store.test.ts (5 tests) 14ms
 ✓ src/lib/ohlc.test.ts (14 tests) 10ms
 ✓ src/lib/buy-quote.test.ts (8 tests) 20ms
stderr | src/lib/crc-trade-build-route.test.ts > CRC sell build authority > rejects an ordinary same-script Bitcoin output without indexed token allocation
[api] FUNDING_INPUT_INVALID

 ✓ src/lib/crc-trade-build-route.test.ts (2 tests) 10ms
 ✓ src/lib/crc-browser-signing.test.ts (4 tests) 51ms
 ✓ src/lib/read-cache.test.ts (4 tests) 29ms
stderr | src/lib/status-cache.test.ts > does not cache a failed snapshot and recovers on the next read
[api] CORE_UNAVAILABLE

 ✓ src/lib/status-cache.test.ts (5 tests) 841ms
   ✓ serves 1,000 simultaneous status readers with one snapshot load and no per-reader SQL 535ms
 ✓ src/app/api/crc/v1/market/[operation]/route.test.ts (4 tests) 22ms
 ✓ src/lib/crc-market-seller.test.ts (2 tests) 38ms
 ✓ src/lib/crc-read.test.ts (4 tests) 5ms
 ✓ src/app/api/dev/wallet/route.test.ts (3 tests) 12ms
 ✓ src/app/api/crc/v1/tokens/route.test.ts (4 tests) 11ms
 ✓ src/lib/crc-quote.test.ts (4 tests) 5ms
 ✓ src/lib/format.test.ts (13 tests) 7ms
 ✓ src/public-status.test.ts (3 tests) 8ms
 ✓ src/lib/crc-client.test.ts (4 tests) 10ms
stderr | src/app/api/crc/v1/wallet/[address]/balances/route.test.ts > CRC wallet balances route > rejects a mainnet address without querying balances
[api] WRONG_NETWORK

 ✓ src/app/api/crc/v1/wallet/[address]/balances/route.test.ts (3 tests) 19ms
 ✓ src/route-inventory.test.ts (32 tests) 10ms
 ✓ src/rate-limit-coverage.test.ts (3 tests) 4ms
 ✓ src/app/api/crc/v1/tokens/[assetId]/utxos/route.test.ts (2 tests) 18ms
 ✓ src/i18n/i18n.test.ts (6 tests) 32ms
 ✓ src/lib/rate-limit.test.ts (3 tests) 8ms
 ✓ src/app/api/crc/v1/tokens/[assetId]/route.test.ts (2 tests) 7ms
 ✓ src/lib/portfolio.test.ts (3 tests) 11ms
 ✓ src/components/FeePicker.test.ts (3 tests) 3ms
stderr | src/lib/crc-core-submit.integration.test.ts > HTTP unsigned or changed wallet response never reaches Core live checks or custody
[api] WALLET_SIGNATURE_INVALID

stderr | src/lib/crc-core-submit.integration.test.ts > HTTP unsigned or changed wallet response never reaches Core live checks or custody
[api] WALLET_SIGNATURE_INVALID

 ✓ src/lib/crc-submit.test.ts (1 test) 14ms
stderr | src/lib/protocol-mode.test.ts > web protocol mode > returns a retryable 503 rather than a misleading V3 response
[api] PROTOCOL_MIGRATING

 ✓ src/lib/protocol-mode.test.ts (4 tests) 7ms
stderr | src/lib/crc-core-submit.integration.test.ts > HTTP re-signed retry uses cached Guardian witness after lost response
[api] GUARDIAN_UNAVAILABLE

 ✓ src/lib/crc-metadata.test.ts (2 tests) 3ms
 ✓ src/lib/funding-candidates.test.ts (2 tests) 3ms
 ✓ src/lib/crc-market-availability.test.ts (3 tests) 2ms
 ✓ src/lib/public-read.test.ts (1 test) 149ms
 ✓ src/lib/v3-protocol-gate.test.ts (1 test) 512ms
   ✓ legacy V3 service gate > blocks V3 even when services were previously initialized 511ms
 ✓ src/lib/crc-wallet-key.test.ts (2 tests) 3ms
 ✓ src/lib/crc-activity-label.test.ts (1 test) 2ms
 ✓ src/lib/crc-mutation.test.ts (2 tests) 3ms
 ✓ src/app/api/crc/v1/trading/status/route.test.ts (1 test) 5ms
stderr | src/lib/crc-core-submit.integration.test.ts > HTTP forged offer terms and wrong network reject before live RPC or custody
[api] WALLET_SIGNATURE_INVALID
[api] WRONG_NETWORK

stderr | src/lib/crc-core-submit.integration.test.ts > API persists READY before failed broadcast and retries exact saved bytes without custody
[api] BROADCAST_FAILED

stderr | src/lib/crc-core-submit.integration.test.ts > API admits competing advisory builds but rejects the spent vault before second custody
[api] STATE_CHANGED

 ✓ src/lib/crc-core-submit.integration.test.ts (13 tests) 54026ms
   ✓ HTTP submit registers exact signed core deployment before actual broadcast and is idempotent 2159ms
   ✓ HTTP API sends verified wallet first to actual shared Guardian and mines indexed core mint 3408ms
   ✓ HTTP sell and inventory buy mine exact core plans, fees and allocations 8108ms
   ✓ HTTP re-signed retry uses cached Guardian witness after lost response 3977ms
   ✓ HTTP arbitrary transfer and one-transaction listing preserve exact core allocations 5625ms
   ✓ core offer activation and buyer-only API fill preserve seller presign and exact fees 2970ms
   ✓ API cancellation mines, rolls back with actual reorg, and rebroadcasts its persisted receipt 6740ms
   ✓ API accepts an already signed paid fill after advisory expiry and rejects new expired builds 3178ms
   ✓ API persists READY before failed broadcast and retries exact saved bytes without custody 3867ms
   ✓ API admits competing advisory builds but rejects the spent vault before second custody 3342ms
   ✓ HTTP sell build replay survives consumed token inputs, funding refresh and fee changes 4154ms
 ✓ src/lib/protocol-surface.test.ts (2 tests) 3ms

 Test Files  46 passed | 1 skipped (47)
      Tests  232 passed | 8 skipped (240)
   Start at  23:14:35
   Duration  57.68s (transform 1.94s, setup 0ms, collect 18.50s, tests 58.82s, environment 8ms, prepare 2.37s)

