
> @crclaunch/crc20-protocol@0.1.0 test /home/andefy/dev/covedao/packages/cove-market/crc20-protocol
> pnpm build && vitest run


> @crclaunch/crc20-protocol@0.1.0 build /home/andefy/dev/covedao/packages/cove-market/crc20-protocol
> tsc -p tsconfig.build.json && node build-browser.mjs


 RUN  v2.1.9 /home/andefy/dev/covedao/packages/cove-market/crc20-protocol

 ✓ regtest.test.ts (2 tests) 20366ms
   ✓ two-wallet raw-chain lifecycle, invalid transitions, signatures, competitors, both cancel races, replay and reorg 14928ms
   ✓ Bob independently mints and raw-chain ownership never credits Alice with Bob's carrier 1974ms
 ✓ confirmed.test.ts (16 tests) 5112ms
   ✓ Core mines non-protocol carrier burn; production transition and durable rollback follow actual prevouts 5016ms
 ✓ scripts.test.ts (12 tests) 4738ms
   ✓ Docker Core mines all three independently signed supported paths with exact fees 4681ms
 ✓ wallet-offers.test.ts (7 tests) 6662ms
   ✓ Core confirms a fractional Taproot listing and buyer-only presigned fill with exact allocations 6594ms
 ✓ market-settlement.test.ts (11 tests) 32930ms
   ✓ purchase confirmed 0 blocks after expiry still pays and allocates tokens 2471ms
   ✓ purchase confirmed 2 blocks after expiry still pays and allocates tokens 2765ms
   ✓ new signed-offer purchases require height and reject expired or unavailable offers 1757ms
   ✓ owner transfer 100000000000n, expired=false preserves allocation and retires listing 2759ms
   ✓ owner transfer 50000000000n, expired=false preserves allocation and retires listing 2778ms
   ✓ owner transfer 1n, expired=true preserves allocation and retires listing 3139ms
   ✓ one owner transfer can consume multiple registered token outputs 3430ms
   ✓ curve sale of a listed carrier retires its offer 2618ms
   ✓ ledger-aware final validation rejects unannotated token funding before broadcast 3568ms
   ✓ a correctly signed ALL authorization is not a reusable offer witness 1670ms
   ✓ verified 0x83 offers still fill with only buyer signing and SQLite-compatible outputs 2579ms
 ✓ small-curve.test.ts (3 tests) 11512ms
   ✓ confirmed 500 + 500 buys followed by sells [ 400, 600 ] check creator/platform fees and every input/output 4542ms
   ✓ confirmed 500 + 500 buys followed by sells [ 1000 ] check creator/platform fees and every input/output 3735ms
 ✓ rules.test.ts (22 tests) 37ms
 ✓ archive.test.ts (1 test) 3737ms
   ✓ all 1950 Garden raw transactions reproduce txids, every exact output, marker and spendable recipient; archived parents reproduce input values 3736ms
 ✓ protocol.test.ts (4 tests) 220ms
 ✓ compliance.test.ts (9 tests) 56ms
 ✓ target.test.ts (8 tests) 18ms
 ✓ hardening.test.ts (5 tests) 51ms
 ✓ transaction-view.test.ts (3 tests) 78ms
 ✓ browser.test.ts (1 test) 378ms
   ✓ production package import executes WASM and verifies external offers in Chromium 378ms
 ✓ dto.test.ts (13 tests) 6ms
 ✓ wallet-evidence.test.ts (7 tests) 40ms
 ✓ guardian-preflight.test.ts (3 tests) 33ms
 ✓ funding.test.ts (8 tests) 74ms
 ✓ package.test.ts (5 tests) 127ms
 ✓ confirmed-events.test.ts (1 test) 24ms
 ✓ partial-signature.test.ts (1 test) 15ms
 ✓ wallet-key.test.ts (2 tests) 11ms
 ✓ asset-vault.test.ts (1 test) 3ms
 ✓ hash.test.ts (1 test) 5ms
 ✓ core-funding.test.ts (1 test) 2ms

 Test Files  25 passed (25)
      Tests  147 passed (147)
   Start at  23:04:38
   Duration  91.82s (transform 506ms, setup 0ms, collect 1.78s, tests 86.23s, environment 4ms, prepare 1.16s)

