
> @crclaunch/crc20-protocol@0.1.0 test /home/andefy/dev/covedao/packages/cove-market/crc20-protocol
> pnpm build && vitest run


> @crclaunch/crc20-protocol@0.1.0 build /home/andefy/dev/covedao/packages/cove-market/crc20-protocol
> tsc -p tsconfig.build.json && node build-browser.mjs


 RUN  v2.1.9 /home/andefy/dev/covedao/packages/cove-market/crc20-protocol

 ✓ regtest.test.ts (2 tests) 19644ms
   ✓ two-wallet raw-chain lifecycle, invalid transitions, signatures, competitors, both cancel races, replay and reorg 14403ms
   ✓ Bob independently mints and raw-chain ownership never credits Alice with Bob's carrier 1990ms
 ✓ confirmed.test.ts (16 tests) 5024ms
   ✓ Core mines non-protocol carrier burn; production transition and durable rollback follow actual prevouts 4946ms
 ✓ scripts.test.ts (12 tests) 4932ms
   ✓ Docker Core mines all three independently signed supported paths with exact fees 4878ms
 ✓ wallet-offers.test.ts (7 tests) 6913ms
   ✓ Core confirms a fractional Taproot listing and buyer-only presigned fill with exact allocations 6861ms
 ✓ market-settlement.test.ts (11 tests) 30696ms
   ✓ purchase confirmed 0 blocks after expiry still pays and allocates tokens 2451ms
   ✓ purchase confirmed 2 blocks after expiry still pays and allocates tokens 2961ms
   ✓ new signed-offer purchases require height and reject expired or unavailable offers 1652ms
   ✓ owner transfer 100000000000n, expired=false preserves allocation and retires listing 3048ms
   ✓ owner transfer 50000000000n, expired=false preserves allocation and retires listing 2474ms
   ✓ owner transfer 1n, expired=true preserves allocation and retires listing 2475ms
   ✓ one owner transfer can consume multiple registered token outputs 2893ms
   ✓ curve sale of a listed carrier retires its offer 2279ms
   ✓ ledger-aware final validation rejects unannotated token funding before broadcast 3285ms
   ✓ a correctly signed ALL authorization is not a reusable offer witness 1467ms
   ✓ verified 0x83 offers still fill with only buyer signing and SQLite-compatible outputs 2297ms
 ✓ small-curve.test.ts (3 tests) 12512ms
   ✓ confirmed 500 + 500 buys followed by sells [ 400, 600 ] check creator/platform fees and every input/output 5128ms
   ✓ confirmed 500 + 500 buys followed by sells [ 1000 ] check creator/platform fees and every input/output 4146ms
 ✓ rules.test.ts (22 tests) 22ms
 ✓ archive.test.ts (1 test) 2509ms
   ✓ all 1950 Garden raw transactions reproduce txids, every exact output, marker and spendable recipient; archived parents reproduce input values 2508ms
 ✓ protocol.test.ts (4 tests) 213ms
 ✓ compliance.test.ts (9 tests) 37ms
 ✓ target.test.ts (8 tests) 6ms
 ✓ hardening.test.ts (5 tests) 25ms
 ✓ browser.test.ts (1 test) 330ms
   ✓ production package import executes WASM and verifies external offers in Chromium 329ms
 ✓ wallet-evidence.test.ts (7 tests) 27ms
 ✓ guardian-preflight.test.ts (3 tests) 24ms
 ✓ funding.test.ts (8 tests) 39ms
 ✓ package.test.ts (5 tests) 75ms
 ✓ dto.test.ts (12 tests) 4ms
 ✓ partial-signature.test.ts (1 test) 11ms
 ✓ wallet-key.test.ts (2 tests) 7ms
 ✓ hash.test.ts (1 test) 4ms

 Test Files  21 passed (21)
      Tests  140 passed (140)
   Start at  20:05:20
   Duration  86.82s (transform 393ms, setup 0ms, collect 1.16s, tests 83.05s, environment 2ms, prepare 801ms)

