#0 building with "default" instance using docker driver

#1 [internal] load build definition from Dockerfile
#1 transferring dockerfile: 844B done
#1 DONE 0.0s

#2 [internal] load metadata for docker.io/library/node:24-bookworm-slim
#2 DONE 0.3s

#3 [internal] load metadata for docker.io/library/rust:1.94-bookworm
#3 DONE 0.3s

#4 [internal] load .dockerignore
#4 transferring context: 149B done
#4 DONE 0.0s

#5 [stage-1  1/11] FROM docker.io/library/node:24-bookworm-slim@sha256:0e0ff40c39bc087845bfb27465a0df4ea419520094bc35842ff83dd8cbe6f9b6
#5 DONE 0.0s

#6 [rust-builder 1/4] FROM docker.io/library/rust:1.94-bookworm@sha256:6ae102bdbf528294bc79ad6e1fae682f6f7c2a6e6621506ba959f9685b308a55
#6 DONE 0.0s

#7 [internal] load build context
#7 transferring context: 670.63kB 0.0s done
#7 DONE 0.0s

#8 [rust-builder 2/4] WORKDIR /build
#8 CACHED

#9 [rust-builder 4/4] RUN cargo build --release --locked --manifest-path packages/cove-simplicity/rust/Cargo.toml
#9 CACHED

#10 [stage-1 10/11] RUN pnpm --filter @crclaunch/crc20-protocol build && pnpm --filter @crclaunch/crc20-adapters build
#10 CACHED

#11 [stage-1  2/11] WORKDIR /app
#11 CACHED

#12 [rust-builder 3/4] COPY packages/cove-simplicity/rust packages/cove-simplicity/rust
#12 CACHED

#13 [stage-1  8/11] COPY crc-core-source-manifest.json ./
#13 CACHED

#14 [stage-1  3/11] RUN npm install --global pnpm@10.33.0
#14 CACHED

#15 [stage-1  7/11] COPY tsconfig.base.json ./
#15 CACHED

#16 [stage-1  4/11] COPY package.json pnpm-workspace.yaml pnpm-lock.yaml ./
#16 CACHED

#17 [stage-1  9/11] RUN pnpm install --frozen-lockfile
#17 CACHED

#18 [stage-1  5/11] COPY apps ./apps
#18 CACHED

#19 [stage-1  6/11] COPY packages ./packages
#19 CACHED

#20 [stage-1 11/11] COPY --from=rust-builder /build/packages/cove-simplicity/rust/target/release/cove-simplicity /app/packages/cove-simplicity/rust/target/release/cove-simplicity
#20 CACHED

#21 exporting to image
#21 exporting layers done
#21 writing image sha256:149785f4b57e4a0ee0627c96a8fb0dbb0f6eef9835c691efa9dc6e3cfab874e1 done
#21 naming to docker.io/library/cove-guardian:crc-shared-core-review done
#21 DONE 0.0s
