
> @crclaunch/cove-indexer@0.1.0 test /home/andefy/dev/covedao/packages/cove-indexer
> vitest run


 RUN  v2.1.9 /home/andefy/dev/covedao/packages/cove-indexer

 ✓ src/v3/export-hygiene.test.ts (3 tests) 2ms
 ✓ src/chain-assert.test.ts (10 tests) 4ms
 ✓ src/v3/undo.test.ts (4 tests) 4ms
 ✓ src/crc20/worker-core.test.ts (3 tests) 18ms
 ✓ src/sign.test.ts (1 test) 21ms
 ✓ src/indexer.test.ts (13 tests) 16ms
 ✓ src/proof-manifest.test.ts (9 tests) 12ms
 ✓ src/signet-proof.test.ts (5 tests) 6ms
 ✓ src/mainnet-canary.test.ts (3 tests) 5ms
 ✓ src/v3/health.test.ts (10 tests) 7ms
 ✓ src/v3/persistent-continuity.test.ts (6 tests) 6ms
 ↓ src/v3/store.test.ts (1 test | 1 skipped)
 ✓ src/v3/state.test.ts (8 tests) 45ms
 ✓ src/v3/golden-root.test.ts (5 tests) 85ms
 ✓ src/crc20/runner.test.ts (2 tests) 3ms
 ✓ src/crc20/store-core.integration.test.ts (4 tests) 1933ms
 ✓ src/crc20/runner-core.integration.test.ts (3 tests) 24604ms
   ✓ actual mined deploy/mint and offer retirement persist exact core state across restart/reorg 7411ms
   ✓ deep actual reorg uses canonical checkpoint and replays when bounded undo is exhausted 9223ms
   ✓ actual cancelled-offer paid fill and unregistered external deployment follow only core decisions 2402ms

 Test Files  16 passed | 1 skipped (17)
      Tests  89 passed | 1 skipped (90)
   Start at  20:12:28
   Duration  25.48s (transform 1.62s, setup 0ms, collect 6.58s, tests 26.77s, environment 3ms, prepare 1.24s)

