
 RUN  v2.1.9 /home/andefy/dev/covedao/packages/cove-indexer

 ❯ src/crc20/runner-core.integration.test.ts (3 tests | 1 failed | 2 skipped) 7431ms
   × actual mined deploy/mint and offer retirement persist exact core state across restart/reorg 2034ms
     → claimCrcSignature is not a function

⎯⎯⎯⎯⎯⎯⎯ Failed Tests 1 ⎯⎯⎯⎯⎯⎯⎯

 FAIL  src/crc20/runner-core.integration.test.ts > actual mined deploy/mint and offer retirement persist exact core state across restart/reorg
TypeError: claimCrcSignature is not a function
 ❯ src/crc20/runner-core.integration.test.ts:128:29
    126|   const journalDigest = "ab".repeat(32);
    127|   const journalContext = {network: "regtest", deployTxid: deployId, un…
    128|   const claim = await store.claimCrcSignature(fixture.db, journalConte…
       |                             ^
    129|   expect(claim.claimId).toBeTruthy();
    130|   await expect(store.claimCrcSignature(fixture.db, journalContext)).re…

⎯⎯⎯⎯⎯⎯⎯⎯⎯⎯⎯⎯⎯⎯⎯⎯⎯⎯⎯⎯⎯⎯⎯⎯[1/1]⎯

 Test Files  1 failed (1)
      Tests  1 failed | 2 skipped (3)
   Start at  19:47:29
   Duration  8.13s (transform 253ms, setup 0ms, collect 512ms, tests 7.43s, environment 0ms, prepare 80ms)

undefined
/home/andefy/dev/covedao/packages/cove-indexer:
 ERR_PNPM_RECURSIVE_EXEC_FIRST_FAIL  Command failed with exit code 1: vitest run src/crc20/runner-core.integration.test.ts -t actual mined deploy
