node:internal/modules/esm/resolve:272
    throw new ERR_MODULE_NOT_FOUND(
          ^

Error [ERR_MODULE_NOT_FOUND]: Cannot find module '/home/andefy/dev/covedao/scripts/testing/crc-fresh-deployment.mjs' imported from /home/andefy/dev/covedao/scripts/testing/crc-fresh-deployment.test.mjs
    at finalizeResolution (node:internal/modules/esm/resolve:272:11)
    at moduleResolve (node:internal/modules/esm/resolve:879:10)
    at defaultResolve (node:internal/modules/esm/resolve:1006:11)
    at #cachedDefaultResolve (node:internal/modules/esm/loader:705:20)
    at #resolveAndMaybeBlockOnLoaderThread (node:internal/modules/esm/loader:725:38)
    at ModuleLoader.resolveSync (node:internal/modules/esm/loader:763:56)
    at #resolve (node:internal/modules/esm/loader:687:17)
    at ModuleLoader.getOrCreateModuleJob (node:internal/modules/esm/loader:607:35)
    at ModuleJob.syncLink (node:internal/modules/esm/module_job:276:33)
    at ModuleJob.link (node:internal/modules/esm/module_job:381:17) {
  code: 'ERR_MODULE_NOT_FOUND',
  url: 'file:///home/andefy/dev/covedao/scripts/testing/crc-fresh-deployment.mjs'
}

Node.js v24.21.0
✖ scripts/testing/crc-fresh-deployment.test.mjs (24.665961ms)
ℹ tests 1
ℹ suites 0
ℹ pass 0
ℹ fail 1
ℹ cancelled 0
ℹ skipped 0
ℹ todo 0
ℹ duration_ms 29.205859

✖ failing tests:

test at scripts/testing/crc-fresh-deployment.test.mjs:1:1
✖ scripts/testing/crc-fresh-deployment.test.mjs (24.665961ms)
  'test failed'
