
> @crclaunch/crc20-protocol@0.1.0 test /home/andefy/dev/covedao/packages/cove-market/crc20-protocol
> pnpm build && vitest run


> @crclaunch/crc20-protocol@0.1.0 build /home/andefy/dev/covedao/packages/cove-market/crc20-protocol
> tsc -p tsconfig.build.json && node build-browser.mjs


 RUN  v2.1.9 /home/andefy/dev/covedao/packages/cove-market/crc20-protocol

 ✓ regtest.test.ts (2 tests) 20271ms
   ✓ two-wallet raw-chain lifecycle, invalid transitions, signatures, competitors, both cancel races, replay and reorg 15269ms
   ✓ Bob independently mints and raw-chain ownership never credits Alice with Bob's carrier 2038ms
 ✓ scripts.test.ts (12 tests) 4813ms
   ✓ Docker Core mines all three independently signed supported paths with exact fees 4753ms
 ✓ wallet-offers.test.ts (7 tests) 6780ms
   ✓ Core confirms a fractional Taproot listing and buyer-only presigned fill with exact allocations 6735ms
 ✓ market-settlement.test.ts (11 tests) 33994ms
   ✓ purchase confirmed 0 blocks after expiry still pays and allocates tokens 2479ms
   ✓ purchase confirmed 2 blocks after expiry still pays and allocates tokens 3150ms
   ✓ new signed-offer purchases require height and reject expired or unavailable offers 1656ms
   ✓ owner transfer 100000000000n, expired=false preserves allocation and retires listing 3074ms
   ✓ owner transfer 50000000000n, expired=false preserves allocation and retires listing 2682ms
   ✓ owner transfer 1n, expired=true preserves allocation and retires listing 3298ms
   ✓ one owner transfer can consume multiple registered token outputs 3604ms
   ✓ curve sale of a listed carrier retires its offer 2425ms
   ✓ ledger-aware final validation rejects unannotated token funding before broadcast 3922ms
   ✓ a correctly signed ALL authorization is not a reusable offer witness 1633ms
   ✓ verified 0x83 offers still fill with only buyer signing and SQLite-compatible outputs 2573ms
 ✓ small-curve.test.ts (3 tests) 12563ms
   ✓ confirmed 500 + 500 buys followed by sells [ 400, 600 ] check creator/platform fees and every input/output 4931ms
   ✓ confirmed 500 + 500 buys followed by sells [ 1000 ] check creator/platform fees and every input/output 4230ms
 ✓ rules.test.ts (22 tests) 19ms
 ✓ archive.test.ts (1 test) 2494ms
   ✓ all 1950 Garden raw transactions reproduce txids, every exact output, marker and spendable recipient; archived parents reproduce input values 2493ms
 ✓ protocol.test.ts (4 tests) 182ms
 ✓ compliance.test.ts (9 tests) 42ms
 ✓ target.test.ts (8 tests) 6ms
 ✓ hardening.test.ts (5 tests) 21ms
 ✓ browser.test.ts (1 test) 287ms
 ✓ wallet-evidence.test.ts (7 tests) 25ms
 ✓ funding.test.ts (8 tests) 32ms
 ✓ package.test.ts (5 tests) 55ms
 ✓ wallet-key.test.ts (2 tests) 6ms
 ✓ hash.test.ts (1 test) 3ms

 Test Files  17 passed (17)
      Tests  108 passed (108)
   Start at  18:20:04
   Duration  84.23s (transform 191ms, setup 0ms, collect 817ms, tests 81.59s, environment 2ms, prepare 502ms)

