
> @crclaunch/crc20-protocol@0.1.0 test /home/andefy/dev/covedao/packages/cove-market/crc20-protocol
> pnpm build && vitest run


> @crclaunch/crc20-protocol@0.1.0 build /home/andefy/dev/covedao/packages/cove-market/crc20-protocol
> tsc -p tsconfig.build.json && node build-browser.mjs


 RUN  v2.1.9 /home/andefy/dev/covedao/packages/cove-market/crc20-protocol

 ✓ regtest.test.ts (2 tests) 20166ms
   ✓ two-wallet raw-chain lifecycle, invalid transitions, signatures, competitors, both cancel races, replay and reorg 15115ms
   ✓ Bob independently mints and raw-chain ownership never credits Alice with Bob's carrier 1969ms
 ✓ scripts.test.ts (12 tests) 4774ms
   ✓ Docker Core mines all three independently signed supported paths with exact fees 4735ms
 ✓ confirmed.test.ts (12 tests) 4953ms
   ✓ Core mines non-protocol carrier burn; production transition and durable rollback follow actual prevouts 4912ms
 ✓ wallet-offers.test.ts (7 tests) 7293ms
   ✓ Core confirms a fractional Taproot listing and buyer-only presigned fill with exact allocations 7242ms
 ✓ market-settlement.test.ts (11 tests) 33470ms
   ✓ purchase confirmed 0 blocks after expiry still pays and allocates tokens 2420ms
   ✓ purchase confirmed 2 blocks after expiry still pays and allocates tokens 2911ms
   ✓ new signed-offer purchases require height and reject expired or unavailable offers 1821ms
   ✓ owner transfer 100000000000n, expired=false preserves allocation and retires listing 3009ms
   ✓ owner transfer 50000000000n, expired=false preserves allocation and retires listing 2734ms
   ✓ owner transfer 1n, expired=true preserves allocation and retires listing 3100ms
   ✓ one owner transfer can consume multiple registered token outputs 3568ms
   ✓ curve sale of a listed carrier retires its offer 2454ms
   ✓ ledger-aware final validation rejects unannotated token funding before broadcast 3894ms
   ✓ a correctly signed ALL authorization is not a reusable offer witness 1694ms
   ✓ verified 0x83 offers still fill with only buyer signing and SQLite-compatible outputs 2494ms
 ✓ small-curve.test.ts (3 tests) 12650ms
   ✓ confirmed 500 + 500 buys followed by sells [ 400, 600 ] check creator/platform fees and every input/output 5159ms
   ✓ confirmed 500 + 500 buys followed by sells [ 1000 ] check creator/platform fees and every input/output 4137ms
 ✓ rules.test.ts (22 tests) 22ms
 ✓ archive.test.ts (1 test) 2523ms
   ✓ all 1950 Garden raw transactions reproduce txids, every exact output, marker and spendable recipient; archived parents reproduce input values 2523ms
 ✓ protocol.test.ts (4 tests) 200ms
 ✓ compliance.test.ts (9 tests) 37ms
 ✓ target.test.ts (8 tests) 5ms
 ✓ hardening.test.ts (5 tests) 26ms
 ✓ browser.test.ts (1 test) 261ms
 ✓ wallet-evidence.test.ts (7 tests) 23ms
 ✓ funding.test.ts (8 tests) 33ms
 ✓ package.test.ts (5 tests) 42ms
 ✓ dto.test.ts (12 tests) 4ms
 ✓ partial-signature.test.ts (1 test) 9ms
 ✓ wallet-key.test.ts (2 tests) 6ms
 ✓ hash.test.ts (1 test) 3ms

 Test Files  20 passed (20)
      Tests  133 passed (133)
   Start at  18:52:26
   Duration  89.53s (transform 215ms, setup 0ms, collect 918ms, tests 86.50s, environment 2ms, prepare 582ms)

