
> @crclaunch/web@0.1.0 test /home/andefy/dev/covedao/apps/web
> vitest run --passWithNoTests src/lib/crc-core-read.integration.test.ts


 RUN  v2.1.9 /home/andefy/dev/covedao/apps/web

 ❯ src/lib/crc-core-read.integration.test.ts (6 tests | 1 failed) 1651ms
   × new curve builds map core quantum refusal to a client amount error 8ms
     → expected Error: curve trades require positive 100-… to match object { code: 'TOKEN_AMOUNT_INVALID' }

⎯⎯⎯⎯⎯⎯⎯ Failed Tests 1 ⎯⎯⎯⎯⎯⎯⎯

 FAIL  src/lib/crc-core-read.integration.test.ts > new curve builds map core quantum refusal to a client amount error
AssertionError: expected Error: curve trades require positive 100-… to match object { code: 'TOKEN_AMOUNT_INVALID' }

- Expected
+ Received

- Object {
-   "code": "TOKEN_AMOUNT_INVALID",
- }
+ [Error: curve trades require positive 100-token increments]

 ❯ src/lib/crc-core-read.integration.test.ts:274:3
    272|     vout: Number(key.split(":")[1]),
    273|   }));
    274|   await expect(
       |   ^
    275|     buildCrcTradeSession({
    276|       db: database.db,

⎯⎯⎯⎯⎯⎯⎯⎯⎯⎯⎯⎯⎯⎯⎯⎯⎯⎯⎯⎯⎯⎯⎯⎯[1/1]⎯

 Test Files  1 failed (1)
      Tests  1 failed | 5 passed (6)
   Start at  21:50:41
   Duration  3.11s (transform 676ms, setup 0ms, collect 1.13s, tests 1.65s, environment 0ms, prepare 63ms)

/home/andefy/dev/covedao/apps/web:
 ERR_PNPM_RECURSIVE_RUN_FIRST_FAIL  @crclaunch/web@0.1.0 test: `vitest run --passWithNoTests src/lib/crc-core-read.integration.test.ts`
Exit status 1
