
 RUN  v2.1.9 /home/andefy/dev/covedao/packages/cove-market/crc20-protocol

 ❯ confirmed-events.test.ts (1 test | 1 failed) 5ms
   × core emits accepted deployment and mint facts alongside identical confirmed state 4ms
     → applyConfirmedBlockDetailed is not a function

⎯⎯⎯⎯⎯⎯⎯ Failed Tests 1 ⎯⎯⎯⎯⎯⎯⎯

 FAIL  confirmed-events.test.ts > core emits accepted deployment and mint facts alongside identical confirmed state
TypeError: applyConfirmedBlockDetailed is not a function
 ❯ confirmed-events.test.ts:9:25
      7|   const deploy = { hash: "11".repeat(32), parentHash: "00".repeat(32),…
      8|   const options = {registeredDeployments: { [saved.deploy.txid]: saved…
      9|   const accepted = core.applyConfirmedBlockDetailed(initial, deploy, o…
       |                         ^
     10|   expect(accepted.ledger).toEqual(core.applyConfirmedBlock(initial, de…
     11|   expect(accepted.events).toEqual([{txid: saved.deploy.txid, deployTxi…

⎯⎯⎯⎯⎯⎯⎯⎯⎯⎯⎯⎯⎯⎯⎯⎯⎯⎯⎯⎯⎯⎯⎯⎯[1/1]⎯

 Test Files  1 failed (1)
      Tests  1 failed (1)
   Start at  20:21:47
   Duration  213ms (transform 77ms, setup 0ms, collect 94ms, tests 5ms, environment 0ms, prepare 33ms)

undefined
/home/andefy/dev/covedao/packages/cove-market/crc20-protocol:
 ERR_PNPM_RECURSIVE_EXEC_FIRST_FAIL  Command failed with exit code 1: vitest run confirmed-events.test.ts
