
> @crclaunch/cove-indexer@0.1.0 test /home/andefy/dev/covedao/packages/cove-indexer
> vitest run


 RUN  v2.1.9 /home/andefy/dev/covedao/packages/cove-indexer

 ✓ src/v3/export-hygiene.test.ts (3 tests) 3ms
 ✓ src/v3/undo.test.ts (4 tests) 7ms
 ✓ src/chain-assert.test.ts (10 tests) 6ms
 ✓ src/crc20/worker-core.test.ts (3 tests) 24ms
 ✓ src/sign.test.ts (1 test) 17ms
 ✓ src/indexer.test.ts (13 tests) 15ms
 ✓ src/proof-manifest.test.ts (9 tests) 7ms
 ✓ src/signet-proof.test.ts (5 tests) 7ms
 ✓ src/v3/health.test.ts (10 tests) 8ms
 ✓ src/mainnet-canary.test.ts (3 tests) 5ms
 ↓ src/v3/store.test.ts (1 test | 1 skipped)
 ✓ src/v3/persistent-continuity.test.ts (6 tests) 7ms
 ✓ src/v3/state.test.ts (8 tests) 45ms
 ✓ src/v3/golden-root.test.ts (5 tests) 62ms
 ✓ src/crc20/runner.test.ts (2 tests) 2ms
 ✓ src/crc20/store-core.integration.test.ts (4 tests) 1857ms
 ✓ src/crc20/runner-core.integration.test.ts (3 tests) 18321ms
   ✓ actual mined deploy/mint and offer retirement persist exact core state across restart/reorg 5810ms
   ✓ deep actual reorg uses canonical checkpoint and replays when bounded undo is exhausted 5944ms
   ✓ actual cancelled-offer paid fill and unregistered external deployment follow only core decisions 1669ms

 Test Files  16 passed | 1 skipped (17)
      Tests  89 passed | 1 skipped (90)
   Start at  21:23:10
   Duration  19.61s (transform 2.63s, setup 0ms, collect 9.62s, tests 20.39s, environment 3ms, prepare 1.95s)

