
> @crclaunch/web@0.1.0 test /home/andefy/dev/covedao/apps/web
> vitest run --passWithNoTests src/lib/crc-core-submit.integration.test.ts


 RUN  v2.1.9 /home/andefy/dev/covedao/apps/web

stderr | src/lib/crc-core-submit.integration.test.ts > HTTP unsigned or changed wallet response never reaches Core live checks or custody
[api] WALLET_SIGNATURE_INVALID

stderr | src/lib/crc-core-submit.integration.test.ts > HTTP unsigned or changed wallet response never reaches Core live checks or custody
[api] WALLET_SIGNATURE_INVALID

stderr | src/lib/crc-core-submit.integration.test.ts > HTTP re-signed retry uses cached Guardian witness after lost response
[api] GUARDIAN_UNAVAILABLE

 ✓ src/lib/crc-core-submit.integration.test.ts (8 tests) 35636ms
   ✓ HTTP submit registers exact signed core deployment before actual broadcast and is idempotent 1881ms
   ✓ HTTP API sends verified wallet first to actual shared Guardian and mines indexed core mint 2998ms
   ✓ HTTP sell and inventory buy mine exact core plans, fees and allocations 7003ms
   ✓ HTTP re-signed retry uses cached Guardian witness after lost response 3494ms
   ✓ HTTP arbitrary transfer and one-transaction listing preserve exact core allocations 5328ms
   ✓ core offer activation and buyer-only API fill preserve seller presign and exact fees 2866ms
   ✓ API cancellation mines, rolls back with actual reorg, and rebroadcasts its persisted receipt 6562ms

 Test Files  1 passed (1)
      Tests  8 passed (8)
   Start at  21:20:58
   Duration  37.91s (transform 1.30s, setup 0ms, collect 1.97s, tests 35.64s, environment 0ms, prepare 79ms)

