
 RUN  v2.1.9 /home/andefy/dev/covedao/packages/cove-market/crc20-protocol

 ❯ partial-signature.test.ts (1 test | 1 failed) 4ms
   × verify finalized Guardian input before requesting unfinished wallet input 4ms
     → decodeWitness is not a function

⎯⎯⎯⎯⎯⎯⎯ Failed Tests 1 ⎯⎯⎯⎯⎯⎯⎯

 FAIL  partial-signature.test.ts > verify finalized Guardian input before requesting unfinished wallet input
TypeError: decodeWitness is not a function
 ❯ partial-signature.test.ts:21:8
     19|     0,
     20|     core
     21|       .decodeWitness(psbt.data.inputs[0]!.finalScriptWitness!.toString…
       |        ^
     22|       .map((h) => Buffer.from(h)),
     23|   );

⎯⎯⎯⎯⎯⎯⎯⎯⎯⎯⎯⎯⎯⎯⎯⎯⎯⎯⎯⎯⎯⎯⎯⎯[1/1]⎯

 Test Files  1 failed (1)
      Tests  1 failed (1)
   Start at  18:38:13
   Duration  243ms (transform 75ms, setup 0ms, collect 103ms, tests 4ms, environment 0ms, prepare 32ms)

undefined
/home/andefy/dev/covedao/packages/cove-market/crc20-protocol:
 ERR_PNPM_RECURSIVE_EXEC_FIRST_FAIL  Command failed with exit code 1: vitest run partial-signature.test.ts
