
> @crclaunch/crc20-protocol@0.1.0 build /home/andefy/dev/covedao/packages/cove-market/crc20-protocol
> tsc -p tsconfig.build.json && node build-browser.mjs


 RUN  v2.1.9 /home/andefy/dev/covedao/packages/cove-market/crc20-protocol

 ✓ regtest.test.ts (2 tests) 20796ms
   ✓ two-wallet raw-chain lifecycle, invalid transitions, signatures, competitors, both cancel races, replay and reorg 15476ms
   ✓ Bob independently mints and raw-chain ownership never credits Alice with Bob's carrier 2004ms
 ✓ confirmed.test.ts (16 tests) 5007ms
   ✓ Core mines non-protocol carrier burn; production transition and durable rollback follow actual prevouts 4934ms
 ✓ scripts.test.ts (12 tests) 4691ms
   ✓ Docker Core mines all three independently signed supported paths with exact fees 4651ms
 ✓ wallet-offers.test.ts (7 tests) 6662ms
   ✓ Core confirms a fractional Taproot listing and buyer-only presigned fill with exact allocations 6609ms
 ✓ market-settlement.test.ts (11 tests) 33350ms
   ✓ purchase confirmed 0 blocks after expiry still pays and allocates tokens 2678ms
   ✓ purchase confirmed 2 blocks after expiry still pays and allocates tokens 2806ms
   ✓ new signed-offer purchases require height and reject expired or unavailable offers 1371ms
   ✓ owner transfer 100000000000n, expired=false preserves allocation and retires listing 2956ms
   ✓ owner transfer 50000000000n, expired=false preserves allocation and retires listing 3080ms
   ✓ owner transfer 1n, expired=true preserves allocation and retires listing 3031ms
   ✓ one owner transfer can consume multiple registered token outputs 3758ms
   ✓ curve sale of a listed carrier retires its offer 2603ms
   ✓ ledger-aware final validation rejects unannotated token funding before broadcast 3646ms
   ✓ a correctly signed ALL authorization is not a reusable offer witness 1569ms
   ✓ verified 0x83 offers still fill with only buyer signing and SQLite-compatible outputs 2528ms
 ✓ inventory-first-chain.test.ts (3 tests) 19749ms
   ✓ buy400 -> sell400 -> buy1000 settles one full purchase, then repeat and partial trades remain seamless 7763ms
   ✓ buy400 -> list300 -> buyer-only purchase retains100 and transfers exactly300 2722ms
   ✓ competing mixed purchases have one confirmed winner and rollback permits a replacement at the same height 5941ms
 ✓ small-curve.test.ts (3 tests) 12449ms
   ✓ confirmed 500 + 500 buys followed by sells [ 400, 600 ] check creator/platform fees and every input/output 4828ms
   ✓ confirmed 500 + 500 buys followed by sells [ 1000 ] check creator/platform fees and every input/output 4310ms
 ✓ inventory-first-replay.test.ts (12 tests) 67ms
 ✓ rules.test.ts (22 tests) 22ms
 ✓ archive.test.ts (1 test) 2596ms
   ✓ all 1950 Garden raw transactions reproduce txids, every exact output, marker and spendable recipient; archived parents reproduce input values 2595ms
 ✓ protocol.test.ts (4 tests) 167ms
 ✓ inventory-first.test.ts (11 tests) 10ms
 ✓ compliance.test.ts (9 tests) 35ms
 ✓ transaction-view.test.ts (3 tests) 46ms
 ✓ target.test.ts (8 tests) 6ms
 ✓ hardening.test.ts (5 tests) 24ms
 ✓ browser.test.ts (1 test) 300ms
 ✓ dto.test.ts (13 tests) 5ms
 ✓ wallet-evidence.test.ts (7 tests) 27ms
 ✓ guardian-preflight.test.ts (3 tests) 19ms
 ✓ funding.test.ts (8 tests) 34ms
 ✓ package.test.ts (5 tests) 45ms
 ✓ confirmed-events.test.ts (1 test) 15ms
 ✓ partial-signature.test.ts (1 test) 10ms
 ✓ wallet-key.test.ts (2 tests) 6ms
 ✓ asset-vault.test.ts (1 test) 2ms
 ✓ hash.test.ts (1 test) 8ms
 ✓ core-funding.test.ts (1 test) 2ms

 Test Files  28 passed (28)
      Tests  173 passed (173)
   Start at  05:17:39
   Duration  110.43s (transform 254ms, setup 0ms, collect 1.24s, tests 106.15s, environment 3ms, prepare 849ms)


Package check exit status: 0. Build, 173 tests, TypeScript, ESLint and formatting passed.
