
 RUN  v2.1.9 /home/andefy/dev/covedao/packages/cove-market/crc20-protocol

 ❯ small-curve.test.ts (3 tests | 3 failed) 4734ms
   × 500 + 500 quotes pin proportional platform fees and integer backing rounding before implementation 3ms
     → curve trades require positive 1000-token lots
   × confirmed 500 + 500 buys followed by sells [ 400, 600 ] check creator/platform fees and every input/output 631ms
     → curve trades require positive 1000-token lots
   × confirmed 500 + 500 buys followed by sells [ 1000 ] check creator/platform fees and every input/output 704ms
     → curve trades require positive 1000-token lots

⎯⎯⎯⎯⎯⎯⎯ Failed Tests 3 ⎯⎯⎯⎯⎯⎯⎯

 FAIL  small-curve.test.ts > 500 + 500 quotes pin proportional platform fees and integer backing rounding before implementation
Error: curve trades require positive 1000-token lots
 ❯ curveAmount economics.ts:12:11
     10| export function curveAmount(amount: bigint): void {
     11|   if (typeof amount !== "bigint" || amount <= 0n || amount % lotAtoms)
     12|     throw new Error("curve trades require positive 1000-token lots");
       |           ^
     13| }
     14| export function backingSats(atoms: bigint): bigint {
 ❯ Module.quoteBuy economics.ts:27:3
 ❯ small-curve.test.ts:24:11

⎯⎯⎯⎯⎯⎯⎯⎯⎯⎯⎯⎯⎯⎯⎯⎯⎯⎯⎯⎯⎯⎯⎯⎯[1/3]⎯

 FAIL  small-curve.test.ts > confirmed 500 + 500 buys followed by sells [ 400, 600 ] check creator/platform fees and every input/output
 FAIL  small-curve.test.ts > confirmed 500 + 500 buys followed by sells [ 1000 ] check creator/platform fees and every input/output
Error: curve trades require positive 1000-token lots
 ❯ curveAmount economics.ts:12:11
     10| export function curveAmount(amount: bigint): void {
     11|   if (typeof amount !== "bigint" || amount <= 0n || amount % lotAtoms)
     12|     throw new Error("curve trades require positive 1000-token lots");
       |           ^
     13| }
     14| export function backingSats(atoms: bigint): bigint {
 ❯ Module.quoteBuy economics.ts:27:3
 ❯ buy builders.ts:210:17
 ❯ Module.buildMint builders.ts:227:53
 ❯ small-curve.test.ts:72:19

⎯⎯⎯⎯⎯⎯⎯⎯⎯⎯⎯⎯⎯⎯⎯⎯⎯⎯⎯⎯⎯⎯⎯⎯[2/3]⎯

 Test Files  1 failed (1)
      Tests  3 failed (3)
   Start at  14:13:50
   Duration  5.13s (transform 206ms, setup 0ms, collect 263ms, tests 4.73s, environment 0ms, prepare 37ms)

