
 RUN  v2.1.9 /home/andefy/dev/covedao/packages/cove-market/crc20-protocol

 ❯ regtest.test.ts (1 test | 1 failed) 3064ms
   × two-wallet raw-chain lifecycle, invalid transitions, signatures, competitors, both cancel races, replay and reorg 6ms
     → Failed to load url ./index.ts (resolved id: ./index.ts) in /home/andefy/dev/covedao/packages/cove-market/crc20-protocol/regtest.test.ts. Does the file exist?
 ❯ rules.test.ts (22 tests | 22 failed) 11ms
   × reject noncanonical positive atom input "0" 2ms
     → Failed to load url ./index.ts (resolved id: ./index.ts) in /home/andefy/dev/covedao/packages/cove-market/crc20-protocol/regtest.test.ts. Does the file exist?
   × reject noncanonical positive atom input "-1" 1ms
     → Failed to load url ./index.ts (resolved id: ./index.ts) in /home/andefy/dev/covedao/packages/cove-market/crc20-protocol/regtest.test.ts. Does the file exist?
   × reject noncanonical positive atom input "1.5" 0ms
     → Failed to load url ./index.ts (resolved id: ./index.ts) in /home/andefy/dev/covedao/packages/cove-market/crc20-protocol/regtest.test.ts. Does the file exist?
   × reject noncanonical positive atom input "1e3" 0ms
     → Failed to load url ./index.ts (resolved id: ./index.ts) in /home/andefy/dev/covedao/packages/cove-market/crc20-protocol/regtest.test.ts. Does the file exist?
   × reject noncanonical positive atom input "01" 0ms
     → Failed to load url ./index.ts (resolved id: ./index.ts) in /home/andefy/dev/covedao/packages/cove-market/crc20-protocol/regtest.test.ts. Does the file exist?
   × reject noncanonical positive atom input "+1" 1ms
     → Failed to load url ./index.ts (resolved id: ./index.ts) in /home/andefy/dev/covedao/packages/cove-market/crc20-protocol/regtest.test.ts. Does the file exist?
   × reject noncanonical positive atom input "" 0ms
     → Failed to load url ./index.ts (resolved id: ./index.ts) in /home/andefy/dev/covedao/packages/cove-market/crc20-protocol/regtest.test.ts. Does the file exist?
   × reject noncanonical positive atom input " 1" 0ms
     → Failed to load url ./index.ts (resolved id: ./index.ts) in /home/andefy/dev/covedao/packages/cove-market/crc20-protocol/regtest.test.ts. Does the file exist?
   × reject noncanonical positive atom input "1 " 0ms
     → Failed to load url ./index.ts (resolved id: ./index.ts) in /home/andefy/dev/covedao/packages/cove-market/crc20-protocol/regtest.test.ts. Does the file exist?
   × reject noncanonical positive atom input "0x10" 0ms
     → Failed to load url ./index.ts (resolved id: ./index.ts) in /home/andefy/dev/covedao/packages/cove-market/crc20-protocol/regtest.test.ts. Does the file exist?
   × preserve exact atom input 1 0ms
     → Failed to load url ./index.ts (resolved id: ./index.ts) in /home/andefy/dev/covedao/packages/cove-market/crc20-protocol/regtest.test.ts. Does the file exist?
   × preserve exact atom input 123456789 0ms
     → Failed to load url ./index.ts (resolved id: ./index.ts) in /home/andefy/dev/covedao/packages/cove-market/crc20-protocol/regtest.test.ts. Does the file exist?
   × preserve exact atom input 200000000000 0ms
     → Failed to load url ./index.ts (resolved id: ./index.ts) in /home/andefy/dev/covedao/packages/cove-market/crc20-protocol/regtest.test.ts. Does the file exist?
   × preserve exact atom input 9007199254740993 0ms
     → Failed to load url ./index.ts (resolved id: ./index.ts) in /home/andefy/dev/covedao/packages/cove-market/crc20-protocol/regtest.test.ts. Does the file exist?
   × independent curve and fee vectors, boundaries, and economic top-up 0ms
     → Failed to load url ./index.ts (resolved id: ./index.ts) in /home/andefy/dev/covedao/packages/cove-market/crc20-protocol/regtest.test.ts. Does the file exist?
   × transfer/listing arbitrary amount 1n with exact separate change 0ms
     → Failed to load url ./index.ts (resolved id: ./index.ts) in /home/andefy/dev/covedao/packages/cove-market/crc20-protocol/regtest.test.ts. Does the file exist?
   × transfer/listing arbitrary amount 123456789n with exact separate change 0ms
     → Failed to load url ./index.ts (resolved id: ./index.ts) in /home/andefy/dev/covedao/packages/cove-market/crc20-protocol/regtest.test.ts. Does the file exist?
   × transfer/listing arbitrary amount 50000000000n with exact separate change 0ms
     → Failed to load url ./index.ts (resolved id: ./index.ts) in /home/andefy/dev/covedao/packages/cove-market/crc20-protocol/regtest.test.ts. Does the file exist?
   × transfer/listing arbitrary amount 200000000000n with exact separate change 0ms
     → Failed to load url ./index.ts (resolved id: ./index.ts) in /home/andefy/dev/covedao/packages/cove-market/crc20-protocol/regtest.test.ts. Does the file exist?
   × multiple token inputs and invalid ownership/amount/recipient/funding 0ms
     → Failed to load url ./index.ts (resolved id: ./index.ts) in /home/andefy/dev/covedao/packages/cove-market/crc20-protocol/regtest.test.ts. Does the file exist?
   × deploy/mint/sell/inventory outputs pin every satoshi and fee destination 0ms
     → Failed to load url ./index.ts (resolved id: ./index.ts) in /home/andefy/dev/covedao/packages/cove-market/crc20-protocol/regtest.test.ts. Does the file exist?
   × wire rejects duplicate markers, malformed amount, extra fields, nonzero marker, and missing/unspendable recipient 0ms
     → Failed to load url ./index.ts (resolved id: ./index.ts) in /home/andefy/dev/covedao/packages/cove-market/crc20-protocol/regtest.test.ts. Does the file exist?
 ❯ protocol.test.ts (4 tests | 3 failed) 121ms
   × the public wire decoder preserves Garden marker bytes and recipient position 4ms
     → Failed to load url ./index.ts (resolved id: ./index.ts) in /home/andefy/dev/covedao/packages/cove-market/crc20-protocol/regtest.test.ts. Does the file exist?
   × the listing builder creates one transaction with exact listed and remainder carriers 2ms
     → Failed to load url ./index.ts (resolved id: ./index.ts) in /home/andefy/dev/covedao/packages/cove-market/crc20-protocol/regtest.test.ts. Does the file exist?
   × the purchase builder creates one atomic payment and token transfer transaction 2ms
     → Failed to load url ./index.ts (resolved id: ./index.ts) in /home/andefy/dev/covedao/packages/cove-market/crc20-protocol/regtest.test.ts. Does the file exist?
 ❯ archive.test.ts (1 test | 1 failed) 3ms
   × all 1950 Garden raw transactions reproduce txids, every exact output, marker and spendable recipient; archived parents reproduce input values 3ms
     → Failed to load url ./index.ts (resolved id: ./index.ts) in /home/andefy/dev/covedao/packages/cove-market/crc20-protocol/regtest.test.ts. Does the file exist?

⎯⎯⎯⎯⎯⎯ Failed Tests 27 ⎯⎯⎯⎯⎯⎯⎯

 FAIL  archive.test.ts > all 1950 Garden raw transactions reproduce txids, every exact output, marker and spendable recipient; archived parents reproduce input values
 FAIL  protocol.test.ts > the public wire decoder preserves Garden marker bytes and recipient position
 FAIL  protocol.test.ts > the listing builder creates one transaction with exact listed and remainder carriers
 FAIL  protocol.test.ts > the purchase builder creates one atomic payment and token transfer transaction
 FAIL  regtest.test.ts > two-wallet raw-chain lifecycle, invalid transitions, signatures, competitors, both cancel races, replay and reorg
 FAIL  rules.test.ts > reject noncanonical positive atom input "0"
 FAIL  rules.test.ts > reject noncanonical positive atom input "-1"
 FAIL  rules.test.ts > reject noncanonical positive atom input "1.5"
 FAIL  rules.test.ts > reject noncanonical positive atom input "1e3"
 FAIL  rules.test.ts > reject noncanonical positive atom input "01"
 FAIL  rules.test.ts > reject noncanonical positive atom input "+1"
 FAIL  rules.test.ts > reject noncanonical positive atom input ""
 FAIL  rules.test.ts > reject noncanonical positive atom input " 1"
 FAIL  rules.test.ts > reject noncanonical positive atom input "1 "
 FAIL  rules.test.ts > reject noncanonical positive atom input "0x10"
 FAIL  rules.test.ts > preserve exact atom input 1
 FAIL  rules.test.ts > preserve exact atom input 123456789
 FAIL  rules.test.ts > preserve exact atom input 200000000000
 FAIL  rules.test.ts > preserve exact atom input 9007199254740993
 FAIL  rules.test.ts > independent curve and fee vectors, boundaries, and economic top-up
 FAIL  rules.test.ts > transfer/listing arbitrary amount 1n with exact separate change
 FAIL  rules.test.ts > transfer/listing arbitrary amount 123456789n with exact separate change
 FAIL  rules.test.ts > transfer/listing arbitrary amount 50000000000n with exact separate change
 FAIL  rules.test.ts > transfer/listing arbitrary amount 200000000000n with exact separate change
 FAIL  rules.test.ts > multiple token inputs and invalid ownership/amount/recipient/funding
 FAIL  rules.test.ts > deploy/mint/sell/inventory outputs pin every satoshi and fee destination
 FAIL  rules.test.ts > wire rejects duplicate markers, malformed amount, extra fields, nonzero marker, and missing/unspendable recipient
Error: Failed to load url ./index.ts (resolved id: ./index.ts) in /home/andefy/dev/covedao/packages/cove-market/crc20-protocol/regtest.test.ts. Does the file exist?
 ❯ loadAndTransform ../../../node_modules/.pnpm/vite@5.4.21_@types+node@22.20.4_terser@5.51.2/node_modules/vite/dist/node/chunks/dep-BK3b2jBa.js:51969:17

⎯⎯⎯⎯⎯⎯⎯⎯⎯⎯⎯⎯⎯⎯⎯⎯⎯⎯⎯⎯⎯⎯⎯[1/27]⎯

 Test Files  4 failed (4)
      Tests  27 failed | 1 passed (28)
   Start at  11:27:35
   Duration  3.72s (transform 48ms, setup 0ms, collect 110ms, tests 3.20s, environment 0ms, prepare 119ms)

