
 RUN  v2.1.9 /home/andefy/dev/covedao

 ❯ packages/cove-market/crc20-protocol/scripts.test.ts (8 tests | 1 failed) 4906ms
   ✓ Docker Core mines all three independently signed supported paths with exact fees 4813ms
   × registered replay derives proven nested redeem data from raw input rather than caller annotations 76ms
     → unsupported input script or missing matching redeem script

⎯⎯⎯⎯⎯⎯⎯ Failed Tests 1 ⎯⎯⎯⎯⎯⎯⎯

 FAIL  packages/cove-market/crc20-protocol/scripts.test.ts > registered replay derives proven nested redeem data from raw input rather than caller annotations
Error: unsupported input script or missing matching redeem script
 ❯ Module.requireSupportedInputScript packages/cove-market/crc20-protocol/target.ts:47:11
     45|     walletScriptKind(scriptHex, redeemScriptHex);
     46|   } catch {
     47|     throw new Error("unsupported input script or missing matching rede…
       |           ^
     48|   }
     49| }
 ❯ finish packages/cove-market/crc20-protocol/builders.ts:65:5
 ❯ Module.buildDeploy packages/cove-market/crc20-protocol/builders.ts:172:10
 ❯ applyTransaction packages/cove-market/crc20-protocol/replay.ts:105:12
 ❯ Module.validateFinalTransaction packages/cove-market/crc20-protocol/replay.ts:366:15
 ❯ packages/cove-market/crc20-protocol/scripts.test.ts:214:15

⎯⎯⎯⎯⎯⎯⎯⎯⎯⎯⎯⎯⎯⎯⎯⎯⎯⎯⎯⎯⎯⎯⎯⎯[1/1]⎯

 Test Files  1 failed (1)
      Tests  1 failed | 7 passed (8)
   Start at  16:53:01
   Duration  5.14s (transform 105ms, setup 0ms, collect 107ms, tests 4.91s, environment 0ms, prepare 31ms)

