
 RUN  v2.1.9 /home/andefy/dev/covedao/packages/cove-market/crc20-protocol

 ✓ regtest.test.ts (2 tests) 20698ms
   ✓ two-wallet raw-chain lifecycle, invalid transitions, signatures, competitors, both cancel races, replay and reorg 15613ms
   ✓ Bob independently mints and raw-chain ownership never credits Alice with Bob's carrier 1962ms
 ✓ scripts.test.ts (11 tests) 4844ms
   ✓ Docker Core mines all three independently signed supported paths with exact fees 4809ms
 ✓ market-settlement.test.ts (11 tests) 33045ms
   ✓ purchase confirmed 0 blocks after expiry still pays and allocates tokens 2581ms
   ✓ purchase confirmed 2 blocks after expiry still pays and allocates tokens 2935ms
   ✓ new signed-offer purchases require height and reject expired or unavailable offers 1571ms
   ✓ owner transfer 100000000000n, expired=false preserves allocation and retires listing 2410ms
   ✓ owner transfer 50000000000n, expired=false preserves allocation and retires listing 2839ms
   ✓ owner transfer 1n, expired=true preserves allocation and retires listing 2995ms
   ✓ one owner transfer can consume multiple registered token outputs 3685ms
   ✓ curve sale of a listed carrier retires its offer 2625ms
   ✓ ledger-aware final validation rejects unannotated token funding before broadcast 3767ms
   ✓ a correctly signed ALL authorization is not a reusable offer witness 1581ms
   ✓ verified 0x83 offers still fill with only buyer signing and SQLite-compatible outputs 2619ms
 ✓ small-curve.test.ts (3 tests) 12709ms
   ✓ confirmed 500 + 500 buys followed by sells [ 400, 600 ] check creator/platform fees and every input/output 5034ms
   ✓ confirmed 500 + 500 buys followed by sells [ 1000 ] check creator/platform fees and every input/output 4299ms
 ✓ rules.test.ts (22 tests) 19ms
 ✓ archive.test.ts (1 test) 2551ms
   ✓ all 1950 Garden raw transactions reproduce txids, every exact output, marker and spendable recipient; archived parents reproduce input values 2550ms
 ✓ protocol.test.ts (4 tests) 190ms
 ✓ compliance.test.ts (9 tests) 37ms
 ✓ target.test.ts (8 tests) 7ms
 ✓ hardening.test.ts (5 tests) 26ms
 ✓ funding.test.ts (8 tests) 26ms
 ✓ browser.test.ts (1 test) 532ms
   ✓ public API bundles and executes with browser globals and no Node polyfills 531ms
 ✓ hash.test.ts (1 test) 4ms

 Test Files  13 passed (13)
      Tests  86 passed (86)
   Start at  16:58:25
   Duration  76.55s (transform 150ms, setup 0ms, collect 450ms, tests 74.69s, environment 1ms, prepare 396ms)

