
Running 34 tests using 1 worker

  ✓   1 [desktop] › tests-crc-core/activity-refresh.spec.ts:4:1 › token history and indexed state refresh without reloading or resetting trade input (2.4s)
  ✓   2 [desktop] › tests-crc-core/interactions.spec.ts:46:3 › existing trade controls build and sign 500-token buy with exact core fees (2.0s)
  ✓   3 [desktop] › tests-crc-core/interactions.spec.ts:46:3 › existing trade controls build and sign 400-token sell with exact core fees (2.0s)
  ✓   4 [desktop] › tests-crc-core/interactions.spec.ts:46:3 › existing trade controls build and sign 600-token sell with exact core fees (1.9s)
  ✓   5 [desktop] › tests-crc-core/interactions.spec.ts:72:3 › altered signing never reaches submission and clears busy state (2.2s)
  ✓   6 [desktop] › tests-crc-core/interactions.spec.ts:72:3 › unsupported signing never reaches submission and clears busy state (2.2s)
  ✓   7 [desktop] › tests-crc-core/interactions.spec.ts:72:3 › rejected signing never reaches submission and clears busy state (2.3s)
  ✓   8 [desktop] › tests-crc-core/interactions.spec.ts:95:1 › launch retains metadata review and validates before wallet signing (2.2s)
  ✓   9 [desktop] › tests-crc-core/interactions.spec.ts:114:1 › market review completes with one buyer signature and unchanged seller presign (3.5s)
  ✓  10 [desktop] › tests-crc-core/interactions.spec.ts:135:1 › seller controls publish core BIP322/83 terms and cancellation spends with ALL (2.9s)
  ✓  11 [desktop] › tests-crc-core/interactions.spec.ts:173:1 › disconnect during independent plan observations prevents a stale wallet prompt (1.9s)
  ✓  12 [desktop] › tests-crc-core/interactions.spec.ts:198:3 › launch refuses changed description before offering a signature (2.1s)
  ✓  13 [desktop] › tests-crc-core/interactions.spec.ts:198:3 › launch refuses changed websiteUrl before offering a signature (2.1s)
  ✓  14 [desktop] › tests-crc-core/interactions.spec.ts:198:3 › launch refuses changed xUrl before offering a signature (2.0s)
  ✓  15 [desktop] › tests-crc-core/interactions.spec.ts:198:3 › launch refuses changed imageUrl before offering a signature (1.9s)
  ✓  16 [desktop] › tests-crc-core/interactions.spec.ts:218:1 › disconnect while a wallet response is pending prevents submission of its signature (2.4s)
  ✓  17 [desktop] › tests-crc-core/interactions.spec.ts:238:1 › launch refuses a token carrier substituted into ordinary BTC funding before prompting (2.2s)
  ✓  18 [mobile] › tests-crc-core/activity-refresh.spec.ts:4:1 › token history and indexed state refresh without reloading or resetting trade input (2.6s)
  ✓  19 [mobile] › tests-crc-core/interactions.spec.ts:46:3 › existing trade controls build and sign 500-token buy with exact core fees (2.6s)
  ✓  20 [mobile] › tests-crc-core/interactions.spec.ts:46:3 › existing trade controls build and sign 400-token sell with exact core fees (2.4s)
  ✓  21 [mobile] › tests-crc-core/interactions.spec.ts:46:3 › existing trade controls build and sign 600-token sell with exact core fees (2.4s)
  ✓  22 [mobile] › tests-crc-core/interactions.spec.ts:72:3 › altered signing never reaches submission and clears busy state (2.3s)
  ✓  23 [mobile] › tests-crc-core/interactions.spec.ts:72:3 › unsupported signing never reaches submission and clears busy state (2.2s)
  ✓  24 [mobile] › tests-crc-core/interactions.spec.ts:72:3 › rejected signing never reaches submission and clears busy state (2.8s)
  ✓  25 [mobile] › tests-crc-core/interactions.spec.ts:95:1 › launch retains metadata review and validates before wallet signing (3.8s)
  ✓  26 [mobile] › tests-crc-core/interactions.spec.ts:114:1 › market review completes with one buyer signature and unchanged seller presign (2.9s)
  ✓  27 [mobile] › tests-crc-core/interactions.spec.ts:135:1 › seller controls publish core BIP322/83 terms and cancellation spends with ALL (3.2s)
  ✓  28 [mobile] › tests-crc-core/interactions.spec.ts:173:1 › disconnect during independent plan observations prevents a stale wallet prompt (2.5s)
  ✓  29 [mobile] › tests-crc-core/interactions.spec.ts:198:3 › launch refuses changed description before offering a signature (2.1s)
  ✓  30 [mobile] › tests-crc-core/interactions.spec.ts:198:3 › launch refuses changed websiteUrl before offering a signature (2.0s)
  ✓  31 [mobile] › tests-crc-core/interactions.spec.ts:198:3 › launch refuses changed xUrl before offering a signature (2.0s)
  ✓  32 [mobile] › tests-crc-core/interactions.spec.ts:198:3 › launch refuses changed imageUrl before offering a signature (2.1s)
  ✓  33 [mobile] › tests-crc-core/interactions.spec.ts:218:1 › disconnect while a wallet response is pending prevents submission of its signature (2.3s)
  ✓  34 [mobile] › tests-crc-core/interactions.spec.ts:238:1 › launch refuses a token carrier substituted into ordinary BTC funding before prompting (2.2s)

  34 passed (1.4m)
