 Image covedao-signet-app Building
#1 [internal] load local bake definitions
#1 reading from stdin 2.37kB done
#1 DONE 0.0s

#2 [internal] load build definition from Dockerfile.prod
#2 transferring dockerfile: 1.09kB done
#2 DONE 0.0s

#3 [internal] load metadata for docker.io/library/node:24-bookworm-slim
#3 DONE 0.8s

#4 [internal] load metadata for docker.io/library/rust:1.94-bookworm
#4 DONE 0.9s

#5 [internal] load .dockerignore
#5 transferring context: 159B done
#5 DONE 0.0s

#6 [app-builder  1/11] FROM docker.io/library/node:24-bookworm-slim@sha256:0e0ff40c39bc087845bfb27465a0df4ea419520094bc35842ff83dd8cbe6f9b6
#6 DONE 0.0s

#7 [rust-builder 1/4] FROM docker.io/library/rust:1.94-bookworm@sha256:6ae102bdbf528294bc79ad6e1fae682f6f7c2a6e6621506ba959f9685b308a55
#7 DONE 0.0s

#8 [internal] load build context
#8 transferring context: 205.63kB 0.0s done
#8 DONE 0.0s

#9 [rust-builder 3/4] COPY packages/cove-simplicity/rust packages/cove-simplicity/rust
#9 CACHED

#10 [rust-builder 2/4] WORKDIR /build
#10 CACHED

#11 [rust-builder 4/4] RUN cargo build --release --locked --manifest-path packages/cove-simplicity/rust/Cargo.toml
#11 CACHED

#12 [app-builder  2/11] WORKDIR /app
#12 CACHED

#13 [app-builder  3/11] RUN npm install --global pnpm@10.33.0
#13 CACHED

#14 [app-builder  4/11] COPY package.json pnpm-workspace.yaml pnpm-lock.yaml tsconfig.base.json ./
#14 CACHED

#15 [app-builder  5/11] COPY apps ./apps
#15 DONE 0.0s

#16 [app-builder  6/11] COPY packages ./packages
#16 DONE 0.1s

#17 [app-builder  7/11] RUN pnpm install --frozen-lockfile
#17 0.384 Scope: all 27 workspace projects
#17 0.432 Lockfile is up to date, resolution step is skipped
#17 0.478 Progress: resolved 1, reused 0, downloaded 0, added 0
#17 0.560 Packages: +1492
#17 0.560 ++++++++++++++++++++++++++++++++++++++++++++++++++++++++++++++++++++++++++++++++
#17 0.826
#17 0.826    ╭─────────────────────────────────────────╮
#17 0.826    │                                         │
#17 0.826    │   Update available! 10.33.0 → 12.8.1.   │
#17 0.826    │   Changelog: https://pnpm.io/v/12.8.1   │
#17 0.826    │    To update, run: pnpm add -g pnpm     │
#17 0.826    │                                         │
#17 0.826    ╰─────────────────────────────────────────╯
#17 0.826
#17 1.478 Progress: resolved 1492, reused 0, downloaded 622, added 622
#17 2.478 Progress: resolved 1492, reused 0, downloaded 1257, added 1258
#17 3.479 Progress: resolved 1492, reused 0, downloaded 1476, added 1478
#17 4.479 Progress: resolved 1492, reused 0, downloaded 1488, added 1490
#17 5.168 Progress: resolved 1492, reused 0, downloaded 1490, added 1492, done
#17 5.642
#17 5.642 devDependencies:
#17 5.642 + @eslint/js 9.39.5
#17 5.642 + @types/node 22.20.4
#17 5.642 + eslint 9.39.5
#17 5.642 + eslint-config-prettier 9.1.2
#17 5.642 + prettier 3.9.8
#17 5.642 + turbo 2.11.2
#17 5.642 + typescript 5.9.3
#17 5.642 + typescript-eslint 8.70.1
#17 5.642
#17 5.707 ╭ Warning ─────────────────────────────────────────────────────────────────────╮
#17 5.707 │                                                                              │
#17 5.707 │   Ignored build scripts: core-js@3.50.0, esbuild@0.18.20, esbuild@0.19.12,   │
#17 5.707 │   esbuild@0.21.5, esbuild@0.28.2, msgpackr-extract@3.0.4, secp256k1@3.8.1.   │
#17 5.707 │   Run "pnpm approve-builds" to pick which dependencies should be allowed     │
#17 5.707 │   to run scripts.                                                            │
#17 5.707 │                                                                              │
#17 5.707 ╰──────────────────────────────────────────────────────────────────────────────╯
#17 5.731 Done in 5.5s using pnpm v10.33.0
#17 DONE 6.2s

#18 [app-builder  8/11] RUN pnpm --filter @crclaunch/crc20-protocol build
#18 0.297
#18 0.297 > @crclaunch/crc20-protocol@0.1.0 build /app/packages/cove-market/crc20-protocol
#18 0.297 > tsc -p tsconfig.build.json && node build-browser.mjs
#18 0.297
#18 DONE 1.3s

#19 [app-builder  9/11] RUN pnpm --filter @crclaunch/crc20-adapters build
#19 0.796
#19 0.796 > @crclaunch/crc20-adapters@0.1.0 build /app/packages/crc20-adapters
#19 0.796 > tsc -p tsconfig.build.json && node build-browser.mjs
#19 0.796
#19 DONE 1.6s

#20 [app-builder 10/11] COPY --from=rust-builder /build/packages/cove-simplicity/rust/target/release/cove-simplicity /app/packages/cove-simplicity/rust/target/release/cove-simplicity
#20 DONE 0.0s

#21 [app-builder 11/11] RUN COVE_NETWORK="signet" SENTRY_DSN="https://421068cb5bb534115c7743c304482d3a@o1206341.ingest.us.sentry.io/4512159121997824" SENTRY_ENVIRONMENT="dev" pnpm --filter @crclaunch/web build
#21 0.449
#21 0.449 > @crclaunch/web@0.1.0 build /app/apps/web
#21 0.449 > pnpm --filter @crclaunch/docs build:web && next build
#21 0.449
#21 0.830
#21 0.830 > @crclaunch/docs@0.1.0 build:web /app/apps/docs
#21 0.830 > DOCS_HASH_ROUTER=1 DOCS_BASE_URL=/ DOCS_LOCALE=en docusaurus build --out-dir ../web/public/docs && DOCS_HASH_ROUTER=1 DOCS_BASE_URL=/ DOCS_LOCALE=zh-Hans docusaurus build --locale zh-Hans --out-dir ../web/public/docs/zh-Hans
#21 0.830
#21 1.585 [INFO] [en] Creating an optimized production build...
#21 1.799 [WARNING] docusaurus-plugin-sitemap does not support the Hash Router and will be disabled.
#21 2.067 [webpackbar] ℹ Compiling Client
#21 8.041 [webpackbar] ✔ Client: Compiled successfully in 5.98s
#21 9.499 [SUCCESS] Generated static files in "../web/public/docs".
#21 9.499 [INFO] Use `npm run serve` command to test your build locally.
#21 10.16 [INFO] [zh-Hans] Creating an optimized production build...
#21 10.35 [WARNING] docusaurus-plugin-sitemap does not support the Hash Router and will be disabled.
#21 10.64 [webpackbar] ℹ Compiling Client
#21 16.86 [webpackbar] ✔ Client: Compiled successfully in 6.22s
#21 18.27 [SUCCESS] Generated static files in "../web/public/docs/zh-Hans".
#21 18.27 [INFO] Use `npm run serve` command to test your build locally.
#21 18.95 Attention: Next.js now collects completely anonymous telemetry regarding usage.
#21 18.95 This information is used to shape Next.js' roadmap and prioritize features.
#21 18.95 You can learn more, including how to opt-out if you'd not like to participate in this anonymous program, by visiting the following URL:
#21 18.95 https://nextjs.org/telemetry
#21 18.95
#21 19.02    ▲ Next.js 15.5.26
#21 19.02    - Experiments (use with caution):
#21 19.02      · clientTraceMetadata
#21 19.02
#21 19.05    Creating an optimized production build ...
#21 41.44  ✓ Compiled successfully in 22.1s
#21 41.45    Skipping linting
#21 41.45    Checking validity of types ...
#21 52.44    Collecting page data ...
#21 58.18    Generating static pages (0/11) ...
#21 59.40    Generating static pages (2/11)
#21 59.40    Generating static pages (5/11)
#21 59.40    Generating static pages (8/11)
#21 59.41  ✓ Generating static pages (11/11)
#21 60.01    Finalizing page optimization ...
#21 60.01    Collecting build traces ...
#21 68.18
#21 68.18 Route (app)                                   Size  First Load JS
#21 68.18 ┌ ƒ /                                        181 B         1.4 MB
#21 68.18 ├ ƒ /_not-found                               1 kB         176 kB
#21 68.18 ├ ƒ /activity                              2.06 kB         1.4 MB
#21 68.18 ├ ƒ /api/crc/v1/activity                     195 B         175 kB
#21 68.18 ├ ƒ /api/crc/v1/backing/buy/build            195 B         175 kB
#21 68.18 ├ ƒ /api/crc/v1/backing/buy/quote            195 B         175 kB
#21 68.18 ├ ƒ /api/crc/v1/backing/buy/submit           195 B         175 kB
#21 68.18 ├ ƒ /api/crc/v1/backing/sell/build           195 B         175 kB
#21 68.18 ├ ƒ /api/crc/v1/backing/sell/quote           195 B         175 kB
#21 68.18 ├ ƒ /api/crc/v1/backing/sell/submit          195 B         175 kB
#21 68.18 ├ ƒ /api/crc/v1/fees                         195 B         175 kB
#21 68.18 ├ ƒ /api/crc/v1/launch/build                 195 B         175 kB
#21 68.18 ├ ƒ /api/crc/v1/launch/submit                195 B         175 kB
#21 68.18 ├ ƒ /api/crc/v1/market/[operation]           195 B         175 kB
#21 68.18 ├ ƒ /api/crc/v1/market/status                195 B         175 kB
#21 68.18 ├ ƒ /api/crc/v1/status                       195 B         175 kB
#21 68.18 ├ ƒ /api/crc/v1/tokens                       195 B         175 kB
#21 68.18 ├ ƒ /api/crc/v1/tokens/[assetId]             195 B         175 kB
#21 68.18 ├ ƒ /api/crc/v1/tokens/[assetId]/activity    195 B         175 kB
#21 68.18 ├ ƒ /api/crc/v1/tokens/[assetId]/candles     195 B         175 kB
#21 68.18 ├ ƒ /api/crc/v1/tokens/[assetId]/market      195 B         175 kB
#21 68.18 ├ ƒ /api/crc/v1/tokens/[assetId]/utxos       195 B         175 kB
#21 68.18 ├ ƒ /api/crc/v1/trading/status               195 B         175 kB
#21 68.18 ├ ƒ /api/crc/v1/wallet/[address]/balances    195 B         175 kB
#21 68.18 ├ ƒ /api/crc/v1/wallet/utxos                 195 B         175 kB
#21 68.18 ├ ƒ /api/dev/wallet                          195 B         175 kB
#21 68.18 ├ ○ /apple-icon.png                            0 B            0 B
#21 68.18 ├ ƒ /explore                               1.81 kB         1.4 MB
#21 68.18 ├ ○ /icon.png                                  0 B            0 B
#21 68.18 ├ ƒ /launch                                 2.9 kB        2.84 MB
#21 68.18 ├ ƒ /market                                2.37 kB        2.85 MB
#21 68.18 ├ ƒ /token/[tokenId]                       8.82 kB        2.86 MB
#21 68.18 └ ƒ /wallet                                4.66 kB        2.85 MB
#21 68.18 + First Load JS shared by all               175 kB
#21 68.18   ├ chunks/2079-d5adc15fc8ef121b.js         117 kB
#21 68.18   ├ chunks/298fdf74-aa6ccb9e05c98900.js    54.2 kB
#21 68.18   └ other shared chunks (total)            3.29 kB
#21 68.18
#21 68.18
#21 68.18 ○  (Static)   prerendered as static content
#21 68.18 ƒ  (Dynamic)  server-rendered on demand
#21 68.18
#21 DONE 68.3s

#22 [runtime 1/1] WORKDIR /app
#22 DONE 0.0s

#23 exporting to image
#23 exporting layers
#23 exporting layers 15.3s done
#23 writing image sha256:84c5a4e23b7afa0fde148dc0dd7d8c9be10cacc3175432c67f5aafb575781e25 done
#23 naming to docker.io/library/covedao-signet-app done
#23 DONE 15.3s

#24 resolving provenance for metadata file
#24 DONE 0.0s
 Image covedao-signet-app Built
